Archive member included to satisfy reference by file (symbol)

c:/st/stm32cubeide_1.7.0/stm32cubeide/plugins/com.st.stm32cube.ide.mcu.externaltools.gnu-tools-for-stm32.9-2020-q2-update.win32_2.0.0.202105311346/tools/bin/../lib/gcc/arm-none-eabi/9.3.1/../../../../arm-none-eabi/lib/thumb/v7e-m+fp/hard\libc_nano.a(lib_a-errno.o)
                              ./Core/Src/syscalls.o (__errno)
c:/st/stm32cubeide_1.7.0/stm32cubeide/plugins/com.st.stm32cube.ide.mcu.externaltools.gnu-tools-for-stm32.9-2020-q2-update.win32_2.0.0.202105311346/tools/bin/../lib/gcc/arm-none-eabi/9.3.1/../../../../arm-none-eabi/lib/thumb/v7e-m+fp/hard\libc_nano.a(lib_a-exit.o)
                              c:/st/stm32cubeide_1.7.0/stm32cubeide/plugins/com.st.stm32cube.ide.mcu.externaltools.gnu-tools-for-stm32.9-2020-q2-update.win32_2.0.0.202105311346/tools/bin/../lib/gcc/arm-none-eabi/9.3.1/../../../../arm-none-eabi/lib/thumb/v7e-m+fp/hard/crt0.o (exit)
c:/st/stm32cubeide_1.7.0/stm32cubeide/plugins/com.st.stm32cube.ide.mcu.externaltools.gnu-tools-for-stm32.9-2020-q2-update.win32_2.0.0.202105311346/tools/bin/../lib/gcc/arm-none-eabi/9.3.1/../../../../arm-none-eabi/lib/thumb/v7e-m+fp/hard\libc_nano.a(lib_a-impure.o)
                              c:/st/stm32cubeide_1.7.0/stm32cubeide/plugins/com.st.stm32cube.ide.mcu.externaltools.gnu-tools-for-stm32.9-2020-q2-update.win32_2.0.0.202105311346/tools/bin/../lib/gcc/arm-none-eabi/9.3.1/../../../../arm-none-eabi/lib/thumb/v7e-m+fp/hard\libc_nano.a(lib_a-exit.o) (_global_impure_ptr)
c:/st/stm32cubeide_1.7.0/stm32cubeide/plugins/com.st.stm32cube.ide.mcu.externaltools.gnu-tools-for-stm32.9-2020-q2-update.win32_2.0.0.202105311346/tools/bin/../lib/gcc/arm-none-eabi/9.3.1/../../../../arm-none-eabi/lib/thumb/v7e-m+fp/hard\libc_nano.a(lib_a-init.o)
                              c:/st/stm32cubeide_1.7.0/stm32cubeide/plugins/com.st.stm32cube.ide.mcu.externaltools.gnu-tools-for-stm32.9-2020-q2-update.win32_2.0.0.202105311346/tools/bin/../lib/gcc/arm-none-eabi/9.3.1/../../../../arm-none-eabi/lib/thumb/v7e-m+fp/hard/crt0.o (__libc_init_array)
c:/st/stm32cubeide_1.7.0/stm32cubeide/plugins/com.st.stm32cube.ide.mcu.externaltools.gnu-tools-for-stm32.9-2020-q2-update.win32_2.0.0.202105311346/tools/bin/../lib/gcc/arm-none-eabi/9.3.1/../../../../arm-none-eabi/lib/thumb/v7e-m+fp/hard\libc_nano.a(lib_a-malloc.o)
                              ./Middlewares/ST/STM32_USB_Host_Library/Class/MSC/Src/usbh_msc.o (malloc)
c:/st/stm32cubeide_1.7.0/stm32cubeide/plugins/com.st.stm32cube.ide.mcu.externaltools.gnu-tools-for-stm32.9-2020-q2-update.win32_2.0.0.202105311346/tools/bin/../lib/gcc/arm-none-eabi/9.3.1/../../../../arm-none-eabi/lib/thumb/v7e-m+fp/hard\libc_nano.a(lib_a-memcpy-stub.o)
                              ./Middlewares/ST/STM32_USB_Host_Library/Class/MSC/Src/usbh_msc.o (memcpy)
c:/st/stm32cubeide_1.7.0/stm32cubeide/plugins/com.st.stm32cube.ide.mcu.externaltools.gnu-tools-for-stm32.9-2020-q2-update.win32_2.0.0.202105311346/tools/bin/../lib/gcc/arm-none-eabi/9.3.1/../../../../arm-none-eabi/lib/thumb/v7e-m+fp/hard\libc_nano.a(lib_a-memset.o)
                              c:/st/stm32cubeide_1.7.0/stm32cubeide/plugins/com.st.stm32cube.ide.mcu.externaltools.gnu-tools-for-stm32.9-2020-q2-update.win32_2.0.0.202105311346/tools/bin/../lib/gcc/arm-none-eabi/9.3.1/../../../../arm-none-eabi/lib/thumb/v7e-m+fp/hard/crt0.o (memset)
c:/st/stm32cubeide_1.7.0/stm32cubeide/plugins/com.st.stm32cube.ide.mcu.externaltools.gnu-tools-for-stm32.9-2020-q2-update.win32_2.0.0.202105311346/tools/bin/../lib/gcc/arm-none-eabi/9.3.1/../../../../arm-none-eabi/lib/thumb/v7e-m+fp/hard\libc_nano.a(lib_a-nano-freer.o)
                              c:/st/stm32cubeide_1.7.0/stm32cubeide/plugins/com.st.stm32cube.ide.mcu.externaltools.gnu-tools-for-stm32.9-2020-q2-update.win32_2.0.0.202105311346/tools/bin/../lib/gcc/arm-none-eabi/9.3.1/../../../../arm-none-eabi/lib/thumb/v7e-m+fp/hard\libc_nano.a(lib_a-malloc.o) (_free_r)
c:/st/stm32cubeide_1.7.0/stm32cubeide/plugins/com.st.stm32cube.ide.mcu.externaltools.gnu-tools-for-stm32.9-2020-q2-update.win32_2.0.0.202105311346/tools/bin/../lib/gcc/arm-none-eabi/9.3.1/../../../../arm-none-eabi/lib/thumb/v7e-m+fp/hard\libc_nano.a(lib_a-nano-mallocr.o)
                              c:/st/stm32cubeide_1.7.0/stm32cubeide/plugins/com.st.stm32cube.ide.mcu.externaltools.gnu-tools-for-stm32.9-2020-q2-update.win32_2.0.0.202105311346/tools/bin/../lib/gcc/arm-none-eabi/9.3.1/../../../../arm-none-eabi/lib/thumb/v7e-m+fp/hard\libc_nano.a(lib_a-malloc.o) (_malloc_r)
c:/st/stm32cubeide_1.7.0/stm32cubeide/plugins/com.st.stm32cube.ide.mcu.externaltools.gnu-tools-for-stm32.9-2020-q2-update.win32_2.0.0.202105311346/tools/bin/../lib/gcc/arm-none-eabi/9.3.1/../../../../arm-none-eabi/lib/thumb/v7e-m+fp/hard\libc_nano.a(lib_a-sbrkr.o)
[...]
Memory Configuration

Name             Origin             Length             Attributes
CCMRAM           0x0000000010000000 0x0000000000010000 xrw
RAM              0x0000000020000000 0x0000000000020000 xrw
FLASH            0x0000000008000000 0x0000000000100000 xr
*default*        0x0000000000000000 0xffffffffffffffff

Linker script and memory map

LOAD c:/st/stm32cubeide_1.7.0/stm32cubeide/plugins/com.st.stm32cube.ide.mcu.externaltools.gnu-tools-for-stm32.9-2020-q2-update.win32_2.0.0.202105311346/tools/bin/../lib/gcc/arm-none-eabi/9.3.1/thumb/v7e-m+fp/hard/crti.o
LOAD c:/st/stm32cubeide_1.7.0/stm32cubeide/plugins/com.st.stm32cube.ide.mcu.externaltools.gnu-tools-for-stm32.9-2020-q2-update.win32_2.0.0.202105311346/tools/bin/../lib/gcc/arm-none-eabi/9.3.1/thumb/v7e-m+fp/hard/crtbegin.o
LOAD c:/st/stm32cubeide_1.7.0/stm32cubeide/plugins/com.st.stm32cube.ide.mcu.externaltools.gnu-tools-for-stm32.9-2020-q2-update.win32_2.0.0.202105311346/tools/bin/../lib/gcc/arm-none-eabi/9.3.1/../../../../arm-none-eabi/lib/thumb/v7e-m+fp/hard/crt0.o
LOAD ./Core/Src/AUDIO.o
LOAD ./Core/Src/AUDIO_LINK.o
LOAD ./Core/Src/File_Handling.o
LOAD ./Core/Src/cs43l22.o
LOAD ./Core/Src/main.o
LOAD ./Core/Src/stm32f4xx_hal_msp.o
LOAD ./Core/Src/stm32f4xx_hal_timebase_tim.o
LOAD ./Core/Src/stm32f4xx_it.o
LOAD ./Core/Src/syscalls.o
LOAD ./Core/Src/sysmem.o
LOAD ./Core/Src/system_stm32f4xx.o
LOAD ./Core/Src/waveplayer.o
LOAD ./Core/Startup/startup_stm32f407vgtx.o
LOAD ./Drivers/STM32F4xx_HAL_Driver/Src/stm32f4xx_hal.o
LOAD ./Drivers/STM32F4xx_HAL_Driver/Src/stm32f4xx_hal_cortex.o
LOAD ./Drivers/STM32F4xx_HAL_Driver/Src/stm32f4xx_hal_dma.o
LOAD ./Drivers/STM32F4xx_HAL_Driver/Src/stm32f4xx_hal_dma_ex.o
LOAD ./Drivers/STM32F4xx_HAL_Driver/Src/stm32f4xx_hal_exti.o
LOAD ./Drivers/STM32F4xx_HAL_Driver/Src/stm32f4xx_hal_flash.o
LOAD ./Drivers/STM32F4xx_HAL_Driver/Src/stm32f4xx_hal_flash_ex.o
LOAD ./Drivers/STM32F4xx_HAL_Driver/Src/stm32f4xx_hal_flash_ramfunc.o
LOAD ./Drivers/STM32F4xx_HAL_Driver/Src/stm32f4xx_hal_gpio.o
LOAD ./Drivers/STM32F4xx_HAL_Driver/Src/stm32f4xx_hal_hcd.o
LOAD ./Drivers/STM32F4xx_HAL_Driver/Src/stm32f4xx_hal_i2c.o
LOAD ./Drivers/STM32F4xx_HAL_Driver/Src/stm32f4xx_hal_i2c_ex.o
LOAD ./Drivers/STM32F4xx_HAL_Driver/Src/stm32f4xx_hal_i2s.o
LOAD ./Drivers/STM32F4xx_HAL_Driver/Src/stm32f4xx_hal_i2s_ex.o
LOAD ./Drivers/STM32F4xx_HAL_Driver/Src/stm32f4xx_hal_pwr.o
LOAD ./Drivers/STM32F4xx_HAL_Driver/Src/stm32f4xx_hal_pwr_ex.o
LOAD ./Drivers/STM32F4xx_HAL_Driver/Src/stm32f4xx_hal_rcc.o
LOAD ./Drivers/STM32F4xx_HAL_Driver/Src/stm32f4xx_hal_rcc_ex.o
LOAD ./Drivers/STM32F4xx_HAL_Driver/Src/stm32f4xx_hal_tim.o
LOAD ./Drivers/STM32F4xx_HAL_Driver/Src/stm32f4xx_hal_tim_ex.o
LOAD ./Drivers/STM32F4xx_HAL_Driver/Src/stm32f4xx_ll_usb.o
LOAD ./FATFS/App/fatfs.o
LOAD ./FATFS/Target/usbh_diskio.o
LOAD ./Middlewares/ST/STM32_USB_Host_Library/Class/MSC/Src/usbh_msc.o
LOAD ./Middlewares/ST/STM32_USB_Host_Library/Class/MSC/Src/usbh_msc_bot.o
LOAD ./Middlewares/ST/STM32_USB_Host_Library/Class/MSC/Src/usbh_msc_scsi.o
LOAD ./Middlewares/ST/STM32_USB_Host_Library/Core/Src/usbh_core.o
LOAD ./Middlewares/ST/STM32_USB_Host_Library/Core/Src/usbh_ctlreq.o
LOAD ./Middlewares/ST/STM32_USB_Host_Library/Core/Src/usbh_ioreq.o
LOAD ./Middlewares/ST/STM32_USB_Host_Library/Core/Src/usbh_pipes.o
LOAD ./Middlewares/Third_Party/FatFs/src/diskio.o
LOAD ./Middlewares/Third_Party/FatFs/src/ff.o
LOAD ./Middlewares/Third_Party/FatFs/src/ff_gen_drv.o
LOAD ./Middlewares/Third_Party/FatFs/src/option/ccsbcs.o
LOAD ./Middlewares/Third_Party/FatFs/src/option/syscall.o
LOAD ./USB_HOST/App/usb_host.o
LOAD ./USB_HOST/Target/usbh_conf.o
LOAD ./USB_HOST/Target/usbh_platform.o
START GROUP
LOAD c:/st/stm32cubeide_1.7.0/stm32cubeide/plugins/com.st.stm32cube.ide.mcu.externaltools.gnu-tools-for-stm32.9-2020-q2-update.win32_2.0.0.202105311346/tools/bin/../lib/gcc/arm-none-eabi/9.3.1/../../../../arm-none-eabi/lib/thumb/v7e-m+fp/hard\libc_nano.a
LOAD c:/st/stm32cubeide_1.7.0/stm32cubeide/plugins/com.st.stm32cube.ide.mcu.externaltools.gnu-tools-for-stm32.9-2020-q2-update.win32_2.0.0.202105311346/tools/bin/../lib/gcc/arm-none-eabi/9.3.1/../../../../arm-none-eabi/lib/thumb/v7e-m+fp/hard\libm.a
END GROUP
START GROUP
LOAD c:/st/stm32cubeide_1.7.0/stm32cubeide/plugins/com.st.stm32cube.ide.mcu.externaltools.gnu-tools-for-stm32.9-2020-q2-update.win32_2.0.0.202105311346/tools/bin/../lib/gcc/arm-none-eabi/9.3.1/thumb/v7e-m+fp/hard\libgcc.a
LOAD c:/st/stm32cubeide_1.7.0/stm32cubeide/plugins/com.st.stm32cube.ide.mcu.externaltools.gnu-tools-for-stm32.9-2020-q2-update.win32_2.0.0.202105311346/tools/bin/../lib/gcc/arm-none-eabi/9.3.1/../../../../arm-none-eabi/lib/thumb/v7e-m+fp/hard\libc_nano.a
END GROUP
START GROUP
LOAD c:/st/stm32cubeide_1.7.0/stm32cubeide/plugins/com.st.stm32cube.ide.mcu.externaltools.gnu-tools-for-stm32.9-2020-q2-update.win32_2.0.0.202105311346/tools/bin/../lib/gcc/arm-none-eabi/9.3.1/thumb/v7e-m+fp/hard\libgcc.a
LOAD c:/st/stm32cubeide_1.7.0/stm32cubeide/plugins/com.st.stm32cube.ide.mcu.externaltools.gnu-tools-for-stm32.9-2020-q2-update.win32_2.0.0.202105311346/tools/bin/../lib/gcc/arm-none-eabi/9.3.1/../../../../arm-none-eabi/lib/thumb/v7e-m+fp/hard\libc_nano.a
LOAD c:/st/stm32cubeide_1.7.0/stm32cubeide/plugins/com.st.stm32cube.ide.mcu.externaltools.gnu-tools-for-stm32.9-2020-q2-update.win32_2.0.0.202105311346/tools/bin/../lib/gcc/arm-none-eabi/9.3.1/../../../../arm-none-eabi/lib/thumb/v7e-m+fp/hard\libnosys.a
END GROUP
START GROUP
LOAD c:/st/stm32cubeide_1.7.0/stm32cubeide/plugins/com.st.stm32cube.ide.mcu.externaltools.gnu-tools-for-stm32.9-2020-q2-update.win32_2.0.0.202105311346/tools/bin/../lib/gcc/arm-none-eabi/9.3.1/thumb/v7e-m+fp/hard\libgcc.a
LOAD c:/st/stm32cubeide_1.7.0/stm32cubeide/plugins/com.st.stm32cube.ide.mcu.externaltools.gnu-tools-for-stm32.9-2020-q2-update.win32_2.0.0.202105311346/tools/bin/../lib/gcc/arm-none-eabi/9.3.1/../../../../arm-none-eabi/lib/thumb/v7e-m+fp/hard\libc_nano.a
LOAD c:/st/stm32cubeide_1.7.0/stm32cubeide/plugins/com.st.stm32cube.ide.mcu.externaltools.gnu-tools-for-stm32.9-2020-q2-update.win32_2.0.0.202105311346/tools/bin/../lib/gcc/arm-none-eabi/9.3.1/../../../../arm-none-eabi/lib/thumb/v7e-m+fp/hard\libnosys.a
END GROUP
LOAD c:/st/stm32cubeide_1.7.0/stm32cubeide/plugins/com.st.stm32cube.ide.mcu.externaltools.gnu-tools-for-stm32.9-2020-q2-update.win32_2.0.0.202105311346/tools/bin/../lib/gcc/arm-none-eabi/9.3.1/thumb/v7e-m+fp/hard/crtend.o
LOAD c:/st/stm32cubeide_1.7.0/stm32cubeide/plugins/com.st.stm32cube.ide.mcu.externaltools.gnu-tools-for-stm32.9-2020-q2-update.win32_2.0.0.202105311346/tools/bin/../lib/gcc/arm-none-eabi/9.3.1/thumb/v7e-m+fp/hard/crtn.o
                0x0000000020020000                _estack = (ORIGIN (RAM) + LENGTH (RAM))
                0x0000000000000200                _Min_Heap_Size = 0x200
                0x0000000000000400                _Min_Stack_Size = 0x400

.isr_vector     0x0000000008000000      0x188
                0x0000000008000000                . = ALIGN (0x4)
 *(.isr_vector)
 .isr_vector    0x0000000008000000      0x188 ./Core/Startup/startup_stm32f407vgtx.o
                0x0000000008000000                g_pfnVectors
                0x0000000008000188                . = ALIGN (0x4)

.text           0x0000000008000188     0xfbdc
                0x0000000008000188                . = ALIGN (0x4)
 *(.text)
 .text          0x0000000008000188       0x40 c:/st/stm32cubeide_1.7.0/stm32cubeide/plugins/com.st.stm32cube.ide.mcu.externaltools.gnu-tools-for-stm32.9-2020-q2-update.win32_2.0.0.202105311346/tools/bin/../lib/gcc/arm-none-eabi/9.3.1/thumb/v7e-m+fp/hard/crtbegin.o
 .text          0x00000000080001c8       0x30 c:/st/stm32cubeide_1.7.0/stm32cubeide/plugins/com.st.stm32cube.ide.mcu.externaltools.gnu-tools-for-stm32.9-2020-q2-update.win32_2.0.0.202105311346/tools/bin/../lib/gcc/arm-none-eabi/9.3.1/thumb/v7e-m+fp/hard\libgcc.a(_aeabi_uldivmod.o)
                0x00000000080001c8                __aeabi_uldivmod
 .text          0x00000000080001f8      0x2c4 c:/st/stm32cubeide_1.7.0/stm32cubeide/plugins/com.st.stm32cube.ide.mcu.externaltools.gnu-tools-for-stm32.9-2020-q2-update.win32_2.0.0.202105311346/tools/bin/../lib/gcc/arm-none-eabi/9.3.1/thumb/v7e-m+fp/hard\libgcc.a(_udivmoddi4.o)
                0x00000000080001f8                __udivmoddi4
 .text          0x00000000080004bc        0x4 c:/st/stm32cubeide_1.7.0/stm32cubeide/plugins/com.st.stm32cube.ide.mcu.externaltools.gnu-tools-for-stm32.9-2020-q2-update.win32_2.0.0.202105311346/tools/bin/../lib/gcc/arm-none-eabi/9.3.1/thumb/v7e-m+fp/hard\libgcc.a(_dvmd_tls.o)
                0x00000000080004bc                __aeabi_idiv0
                0x00000000080004bc                __aeabi_ldiv0
 *(.text*)
 .text.AUDIO_OUT_Init
                0x00000000080004c0       0x9c ./Core/Src/AUDIO.o
                0x00000000080004c0                AUDIO_OUT_Init
 .text.AUDIO_OUT_Play
                0x000000000800055c       0x54 ./Core/Src/AUDIO.o
                0x000000000800055c                AUDIO_OUT_Play
 .text.AUDIO_OUT_Pause
                0x00000000080005b0       0x2c ./Core/Src/AUDIO.o
                0x00000000080005b0                AUDIO_OUT_Pause
 .text.AUDIO_OUT_Resume
                0x00000000080005dc       0x2c ./Core/Src/AUDIO.o
                0x00000000080005dc                AUDIO_OUT_Resume
 .text.AUDIO_OUT_Stop
                0x0000000008000608       0x50 ./Core/Src/AUDIO.o
                0x0000000008000608                AUDIO_OUT_Stop
 .text.AUDIO_OUT_SetVolume
                0x0000000008000658       0x30 ./Core/Src/AUDIO.o
                0x0000000008000658                AUDIO_OUT_SetVolume
 .text.HAL_I2S_TxCpltCallback
                0x0000000008000688       0x24 ./Core/Src/AUDIO.o
                0x0000000008000688                HAL_I2S_TxCpltCallback
 .text.HAL_I2S_TxHalfCpltCallback
                0x00000000080006ac       0x24 ./Core/Src/AUDIO.o
                0x00000000080006ac                HAL_I2S_TxHalfCpltCallback
 .text.AUDIO_OUT_ClockConfig
                0x00000000080006d0       0xb4 ./Core/Src/AUDIO.o
                0x00000000080006d0                AUDIO_OUT_ClockConfig
 .text.AUDIO_OUT_MspInit
                0x0000000008000784      0x180 ./Core/Src/AUDIO.o
                0x0000000008000784                AUDIO_OUT_MspInit
 .text.AUDIO_OUT_Error_CallBack
                0x0000000008000904        0xe ./Core/Src/AUDIO.o
                0x0000000008000904                AUDIO_OUT_Error_CallBack
 *fill*         0x0000000008000912        0x2 
 .text.I2S3_Init
                0x0000000008000914       0x70 ./Core/Src/AUDIO.o
 .text.HAL_I2S_ErrorCallback
                0x0000000008000984       0x24 ./Core/Src/AUDIO.o
                0x0000000008000984                HAL_I2S_ErrorCallback
 .text.I2Cx_Init
                0x00000000080009a8       0x64 ./Core/Src/AUDIO_LINK.o
 .text.I2Cx_WriteData
                0x0000000008000a0c       0x50 ./Core/Src/AUDIO_LINK.o
 .text.I2Cx_ReadData
                0x0000000008000a5c       0x58 ./Core/Src/AUDIO_LINK.o
 .text.I2Cx_Error
                0x0000000008000ab4       0x18 ./Core/Src/AUDIO_LINK.o
 .text.I2Cx_MspInit
                0x0000000008000acc       0xac ./Core/Src/AUDIO_LINK.o
 .text.AUDIO_IO_Init
                0x0000000008000b78       0x70 ./Core/Src/AUDIO_LINK.o
                0x0000000008000b78                AUDIO_IO_Init
 .text.AUDIO_IO_DeInit
                0x0000000008000be8        0xe ./Core/Src/AUDIO_LINK.o
                0x0000000008000be8                AUDIO_IO_DeInit
 .text.AUDIO_IO_Write
                0x0000000008000bf6       0x28 ./Core/Src/AUDIO_LINK.o
                0x0000000008000bf6                AUDIO_IO_Write
 .text.AUDIO_IO_Read
                0x0000000008000c1e       0x28 ./Core/Src/AUDIO_LINK.o
                0x0000000008000c1e                AUDIO_IO_Read
 *fill*         0x0000000008000c46        0x2 
 .text.AUDIO_StorageParse
                0x0000000008000c48      0x130 ./Core/Src/File_Handling.o
                0x0000000008000c48                AUDIO_StorageParse
 .text.AUDIO_GetWavObjectNumber
                0x0000000008000d78       0x1c ./Core/Src/File_Handling.o
                0x0000000008000d78                AUDIO_GetWavObjectNumber
 .text.Mount_USB
                0x0000000008000d94       0x28 ./Core/Src/File_Handling.o
                0x0000000008000d94                Mount_USB
 .text.cs43l22_Init
                0x0000000008000dbc      0x1c8 ./Core/Src/cs43l22.o
                0x0000000008000dbc                cs43l22_Init
 .text.cs43l22_DeInit
                0x0000000008000f84        0xc ./Core/Src/cs43l22.o
                0x0000000008000f84                cs43l22_DeInit
 .text.cs43l22_ReadID
                0x0000000008000f90       0x30 ./Core/Src/cs43l22.o
                0x0000000008000f90                cs43l22_ReadID
 .text.cs43l22_Play
                0x0000000008000fc0       0x74 ./Core/Src/cs43l22.o
                0x0000000008000fc0                cs43l22_Play
 .text.cs43l22_Pause
                0x0000000008001034       0x42 ./Core/Src/cs43l22.o
                0x0000000008001034                cs43l22_Pause
 *fill*         0x0000000008001076        0x2 
 .text.cs43l22_Resume
                0x0000000008001078       0x78 ./Core/Src/cs43l22.o
                0x0000000008001078                cs43l22_Resume
 .text.cs43l22_Stop
                0x00000000080010f0       0x68 ./Core/Src/cs43l22.o
                0x00000000080010f0                cs43l22_Stop
 .text.cs43l22_SetVolume
                0x0000000008001158       0xbc ./Core/Src/cs43l22.o
                0x0000000008001158                cs43l22_SetVolume
 .text.cs43l22_SetFrequency
                0x0000000008001214       0x1a ./Core/Src/cs43l22.o
                0x0000000008001214                cs43l22_SetFrequency
 *fill*         0x000000000800122e        0x2 
 .text.cs43l22_SetMute
                0x0000000008001230       0xbc ./Core/Src/cs43l22.o
                0x0000000008001230                cs43l22_SetMute
 .text.cs43l22_SetOutputMode
                0x00000000080012ec       0xe4 ./Core/Src/cs43l22.o
                0x00000000080012ec                cs43l22_SetOutputMode
 .text.cs43l22_Reset
                0x00000000080013d0       0x18 ./Core/Src/cs43l22.o
                0x00000000080013d0                cs43l22_Reset
 .text.CODEC_IO_Write
                0x00000000080013e8       0x2e ./Core/Src/cs43l22.o
 *fill*         0x0000000008001416        0x2 
 .text.HAL_GPIO_EXTI_Callback
                0x0000000008001418       0x6c ./Core/Src/main.o
                0x0000000008001418                HAL_GPIO_EXTI_Callback
 .text.main     0x0000000008001484       0x68 ./Core/Src/main.o
                0x0000000008001484                main
 .text.SystemClock_Config
                0x00000000080014ec       0xd4 ./Core/Src/main.o
                0x00000000080014ec                SystemClock_Config
 .text.MX_I2C1_Init
                0x00000000080015c0       0x5c ./Core/Src/main.o
 .text.MX_I2S3_Init
                0x000000000800161c       0x5c ./Core/Src/main.o
 .text.MX_DMA_Init
                0x0000000008001678       0x40 ./Core/Src/main.o
 .text.MX_GPIO_Init
                0x00000000080016b8      0x12c ./Core/Src/main.o
 .text.HAL_TIM_PeriodElapsedCallback
                0x00000000080017e4       0x24 ./Core/Src/main.o
                0x00000000080017e4                HAL_TIM_PeriodElapsedCallback
 .text.Error_Handler
                0x0000000008001808        0xa ./Core/Src/main.o
                0x0000000008001808                Error_Handler
 *fill*         0x0000000008001812        0x2 
 .text.HAL_MspInit
                0x0000000008001814       0x50 ./Core/Src/stm32f4xx_hal_msp.o
                0x0000000008001814                HAL_MspInit
 .text.HAL_I2C_MspInit
                0x0000000008001864       0x90 ./Core/Src/stm32f4xx_hal_msp.o
                0x0000000008001864                HAL_I2C_MspInit
 .text.HAL_I2C_MspDeInit
                0x00000000080018f4       0x44 ./Core/Src/stm32f4xx_hal_msp.o
                0x00000000080018f4                HAL_I2C_MspDeInit
 .text.HAL_I2S_MspInit
                0x0000000008001938      0x17c ./Core/Src/stm32f4xx_hal_msp.o
                0x0000000008001938                HAL_I2S_MspInit
 .text.HAL_InitTick
                0x0000000008001ab4       0xb4 ./Core/Src/stm32f4xx_hal_timebase_tim.o
                0x0000000008001ab4                HAL_InitTick
 .text.NMI_Handler
                0x0000000008001b68        0x6 ./Core/Src/stm32f4xx_it.o
                0x0000000008001b68                NMI_Handler
 .text.HardFault_Handler
                0x0000000008001b6e        0x6 ./Core/Src/stm32f4xx_it.o
                0x0000000008001b6e                HardFault_Handler
 .text.MemManage_Handler
                0x0000000008001b74        0x6 ./Core/Src/stm32f4xx_it.o
                0x0000000008001b74                MemManage_Handler
 .text.BusFault_Handler
                0x0000000008001b7a        0x6 ./Core/Src/stm32f4xx_it.o
                0x0000000008001b7a                BusFault_Handler
 .text.UsageFault_Handler
                0x0000000008001b80        0x6 ./Core/Src/stm32f4xx_it.o
                0x0000000008001b80                UsageFault_Handler
 .text.SVC_Handler
                0x0000000008001b86        0xe ./Core/Src/stm32f4xx_it.o
                0x0000000008001b86                SVC_Handler
 .text.DebugMon_Handler
                0x0000000008001b94        0xe ./Core/Src/stm32f4xx_it.o
                0x0000000008001b94                DebugMon_Handler
 .text.PendSV_Handler
                0x0000000008001ba2        0xe ./Core/Src/stm32f4xx_it.o
                0x0000000008001ba2                PendSV_Handler
 .text.SysTick_Handler
                0x0000000008001bb0        0xe ./Core/Src/stm32f4xx_it.o
                0x0000000008001bb0                SysTick_Handler
 .text.EXTI0_IRQHandler
                0x0000000008001bbe        0xe ./Core/Src/stm32f4xx_it.o
                0x0000000008001bbe                EXTI0_IRQHandler
 .text.EXTI1_IRQHandler
                0x0000000008001bcc        0xe ./Core/Src/stm32f4xx_it.o
                0x0000000008001bcc                EXTI1_IRQHandler
 .text.EXTI2_IRQHandler
                0x0000000008001bda        0xe ./Core/Src/stm32f4xx_it.o
                0x0000000008001bda                EXTI2_IRQHandler
 .text.EXTI3_IRQHandler
                0x0000000008001be8        0xe ./Core/Src/stm32f4xx_it.o
                0x0000000008001be8                EXTI3_IRQHandler
 *fill*         0x0000000008001bf6        0x2 
 .text.DMA1_Stream5_IRQHandler
                0x0000000008001bf8       0x14 ./Core/Src/stm32f4xx_it.o
                0x0000000008001bf8                DMA1_Stream5_IRQHandler
 .text.EXTI9_5_IRQHandler
                0x0000000008001c0c        0xe ./Core/Src/stm32f4xx_it.o
                0x0000000008001c0c                EXTI9_5_IRQHandler
 *fill*         0x0000000008001c1a        0x2 
 .text.TIM1_UP_TIM10_IRQHandler
                0x0000000008001c1c       0x14 ./Core/Src/stm32f4xx_it.o
                0x0000000008001c1c                TIM1_UP_TIM10_IRQHandler
 .text.OTG_FS_IRQHandler
                0x0000000008001c30       0x14 ./Core/Src/stm32f4xx_it.o
                0x0000000008001c30                OTG_FS_IRQHandler
 .text._sbrk    0x0000000008001c44       0x6c ./Core/Src/sysmem.o
                0x0000000008001c44                _sbrk
 .text.SystemInit
                0x0000000008001cb0       0x24 ./Core/Src/system_stm32f4xx.o
                0x0000000008001cb0                SystemInit
 .text.PlayerInit
                0x0000000008001cd4       0x30 ./Core/Src/waveplayer.o
                0x0000000008001cd4                PlayerInit
 .text.AUDIO_PLAYER_Start
                0x0000000008001d04       0xc0 ./Core/Src/waveplayer.o
                0x0000000008001d04                AUDIO_PLAYER_Start
 .text.AUDIO_PLAYER_Process
                0x0000000008001dc4      0x23c ./Core/Src/waveplayer.o
                0x0000000008001dc4                AUDIO_PLAYER_Process
 .text.AUDIO_OUT_TransferComplete_CallBack
                0x0000000008002000       0x28 ./Core/Src/waveplayer.o
                0x0000000008002000                AUDIO_OUT_TransferComplete_CallBack
 .text.AUDIO_OUT_HalfTransfer_CallBack
                0x0000000008002028       0x28 ./Core/Src/waveplayer.o
                0x0000000008002028                AUDIO_OUT_HalfTransfer_CallBack
 .text.Reset_Handler
                0x0000000008002050       0x50 ./Core/Startup/startup_stm32f407vgtx.o
                0x0000000008002050                Reset_Handler
 .text.Default_Handler
                0x00000000080020a0        0x2 ./Core/Startup/startup_stm32f407vgtx.o
                0x00000000080020a0                RTC_Alarm_IRQHandler
                0x00000000080020a0                HASH_RNG_IRQHandler
                0x00000000080020a0                TIM8_CC_IRQHandler
                0x00000000080020a0                TIM1_CC_IRQHandler
                0x00000000080020a0                DMA2_Stream5_IRQHandler
                0x00000000080020a0                PVD_IRQHandler
                0x00000000080020a0                SDIO_IRQHandler
                0x00000000080020a0                TAMP_STAMP_IRQHandler
                0x00000000080020a0                CAN2_RX1_IRQHandler
                0x00000000080020a0                TIM8_TRG_COM_TIM14_IRQHandler
                0x00000000080020a0                TIM8_UP_TIM13_IRQHandler
                0x00000000080020a0                I2C3_ER_IRQHandler
                0x00000000080020a0                I2C2_EV_IRQHandler
                0x00000000080020a0                DMA1_Stream2_IRQHandler
                0x00000000080020a0                CAN1_RX0_IRQHandler
                0x00000000080020a0                FPU_IRQHandler
                0x00000000080020a0                OTG_HS_WKUP_IRQHandler
                0x00000000080020a0                CAN2_SCE_IRQHandler
                0x00000000080020a0                DMA2_Stream2_IRQHandler
                0x00000000080020a0                SPI1_IRQHandler
                0x00000000080020a0                TIM6_DAC_IRQHandler
                0x00000000080020a0                TIM1_BRK_TIM9_IRQHandler
                0x00000000080020a0                DCMI_IRQHandler
                0x00000000080020a0                CAN2_RX0_IRQHandler
                0x00000000080020a0                DMA2_Stream3_IRQHandler
                0x00000000080020a0                USART6_IRQHandler
                0x00000000080020a0                USART3_IRQHandler
                0x00000000080020a0                CAN1_RX1_IRQHandler
                0x00000000080020a0                UART5_IRQHandler
                0x00000000080020a0                DMA2_Stream0_IRQHandler
                0x00000000080020a0                TIM4_IRQHandler
                0x00000000080020a0                I2C1_EV_IRQHandler
                0x00000000080020a0                DMA1_Stream6_IRQHandler
                0x00000000080020a0                DMA1_Stream1_IRQHandler
                0x00000000080020a0                UART4_IRQHandler
                0x00000000080020a0                TIM3_IRQHandler
                0x00000000080020a0                RCC_IRQHandler
                0x00000000080020a0                TIM8_BRK_TIM12_IRQHandler
                0x00000000080020a0                Default_Handler
                0x00000000080020a0                EXTI15_10_IRQHandler
                0x00000000080020a0                ADC_IRQHandler
                0x00000000080020a0                DMA1_Stream7_IRQHandler
                0x00000000080020a0                TIM7_IRQHandler
                0x00000000080020a0                CAN2_TX_IRQHandler
                0x00000000080020a0                TIM5_IRQHandler
                0x00000000080020a0                DMA2_Stream7_IRQHandler
                0x00000000080020a0                I2C3_EV_IRQHandler
                0x00000000080020a0                RTC_WKUP_IRQHandler
                0x00000000080020a0                ETH_WKUP_IRQHandler
                0x00000000080020a0                SPI2_IRQHandler
                0x00000000080020a0                OTG_HS_EP1_IN_IRQHandler
                0x00000000080020a0                DMA1_Stream0_IRQHandler
                0x00000000080020a0                CAN1_TX_IRQHandler
                0x00000000080020a0                EXTI4_IRQHandler
                0x00000000080020a0                FSMC_IRQHandler
                0x00000000080020a0                ETH_IRQHandler
                0x00000000080020a0                OTG_HS_EP1_OUT_IRQHandler
                0x00000000080020a0                WWDG_IRQHandler
                0x00000000080020a0                TIM2_IRQHandler
                0x00000000080020a0                OTG_FS_WKUP_IRQHandler
                0x00000000080020a0                TIM1_TRG_COM_TIM11_IRQHandler
                0x00000000080020a0                OTG_HS_IRQHandler
                0x00000000080020a0                USART2_IRQHandler
                0x00000000080020a0                I2C2_ER_IRQHandler
                0x00000000080020a0                DMA2_Stream1_IRQHandler
                0x00000000080020a0                CAN1_SCE_IRQHandler
                0x00000000080020a0                FLASH_IRQHandler
                0x00000000080020a0                DMA2_Stream4_IRQHandler
                0x00000000080020a0                USART1_IRQHandler
                0x00000000080020a0                SPI3_IRQHandler
                0x00000000080020a0                DMA1_Stream4_IRQHandler
                0x00000000080020a0                I2C1_ER_IRQHandler
                0x00000000080020a0                DMA2_Stream6_IRQHandler
                0x00000000080020a0                DMA1_Stream3_IRQHandler
 *fill*         0x00000000080020a2        0x2 
 .text.HAL_Init
                0x00000000080020a4       0x44 ./Drivers/STM32F4xx_HAL_Driver/Src/stm32f4xx_hal.o
                0x00000000080020a4                HAL_Init
 .text.HAL_IncTick
                0x00000000080020e8       0x28 ./Drivers/STM32F4xx_HAL_Driver/Src/stm32f4xx_hal.o
                0x00000000080020e8                HAL_IncTick
 .text.HAL_GetTick
                0x0000000008002110       0x18 ./Drivers/STM32F4xx_HAL_Driver/Src/stm32f4xx_hal.o
                0x0000000008002110                HAL_GetTick
 .text.HAL_Delay
                0x0000000008002128       0x48 ./Drivers/STM32F4xx_HAL_Driver/Src/stm32f4xx_hal.o
                0x0000000008002128                HAL_Delay
 .text.__NVIC_SetPriorityGrouping
                0x0000000008002170       0x48 ./Drivers/STM32F4xx_HAL_Driver/Src/stm32f4xx_hal_cortex.o
 .text.__NVIC_GetPriorityGrouping
                0x00000000080021b8       0x1c ./Drivers/STM32F4xx_HAL_Driver/Src/stm32f4xx_hal_cortex.o
 .text.__NVIC_EnableIRQ
                0x00000000080021d4       0x3c ./Drivers/STM32F4xx_HAL_Driver/Src/stm32f4xx_hal_cortex.o
 .text.__NVIC_SetPriority
                0x0000000008002210       0x54 ./Drivers/STM32F4xx_HAL_Driver/Src/stm32f4xx_hal_cortex.o
 .text.NVIC_EncodePriority
                0x0000000008002264       0x66 ./Drivers/STM32F4xx_HAL_Driver/Src/stm32f4xx_hal_cortex.o
 .text.HAL_NVIC_SetPriorityGrouping
                0x00000000080022ca       0x16 ./Drivers/STM32F4xx_HAL_Driver/Src/stm32f4xx_hal_cortex.o
                0x00000000080022ca                HAL_NVIC_SetPriorityGrouping
 .text.HAL_NVIC_SetPriority
                0x00000000080022e0       0x38 ./Drivers/STM32F4xx_HAL_Driver/Src/stm32f4xx_hal_cortex.o
                0x00000000080022e0                HAL_NVIC_SetPriority
 .text.HAL_NVIC_EnableIRQ
                0x0000000008002318       0x1c ./Drivers/STM32F4xx_HAL_Driver/Src/stm32f4xx_hal_cortex.o
                0x0000000008002318                HAL_NVIC_EnableIRQ
 .text.HAL_DMA_Init
                0x0000000008002334      0x15c ./Drivers/STM32F4xx_HAL_Driver/Src/stm32f4xx_hal_dma.o
                0x0000000008002334                HAL_DMA_Init
 .text.HAL_DMA_DeInit
                0x0000000008002490       0xbc ./Drivers/STM32F4xx_HAL_Driver/Src/stm32f4xx_hal_dma.o
                0x0000000008002490                HAL_DMA_DeInit
 .text.HAL_DMA_Start_IT
                0x000000000800254c       0xb0 ./Drivers/STM32F4xx_HAL_Driver/Src/stm32f4xx_hal_dma.o
                0x000000000800254c                HAL_DMA_Start_IT
 .text.HAL_DMA_Abort
                0x00000000080025fc       0xe0 ./Drivers/STM32F4xx_HAL_Driver/Src/stm32f4xx_hal_dma.o
                0x00000000080025fc                HAL_DMA_Abort
 .text.HAL_DMA_IRQHandler
                0x00000000080026dc      0x314 ./Drivers/STM32F4xx_HAL_Driver/Src/stm32f4xx_hal_dma.o
                0x00000000080026dc                HAL_DMA_IRQHandler
 .text.DMA_SetConfig
                0x00000000080029f0       0x5c ./Drivers/STM32F4xx_HAL_Driver/Src/stm32f4xx_hal_dma.o
 .text.DMA_CalcBaseAndBitshift
                0x0000000008002a4c       0x6c ./Drivers/STM32F4xx_HAL_Driver/Src/stm32f4xx_hal_dma.o
 .text.DMA_CheckFifoParam
                0x0000000008002ab8       0xf8 ./Drivers/STM32F4xx_HAL_Driver/Src/stm32f4xx_hal_dma.o
 .text.HAL_GPIO_Init
                0x0000000008002bb0      0x338 ./Drivers/STM32F4xx_HAL_Driver/Src/stm32f4xx_hal_gpio.o
                0x0000000008002bb0                HAL_GPIO_Init
 .text.HAL_GPIO_DeInit
                0x0000000008002ee8      0x1f8 ./Drivers/STM32F4xx_HAL_Driver/Src/stm32f4xx_hal_gpio.o
                0x0000000008002ee8                HAL_GPIO_DeInit
 .text.HAL_GPIO_WritePin
                0x00000000080030e0       0x32 ./Drivers/STM32F4xx_HAL_Driver/Src/stm32f4xx_hal_gpio.o
                0x00000000080030e0                HAL_GPIO_WritePin
 *fill*         0x0000000008003112        0x2 
 .text.HAL_GPIO_EXTI_IRQHandler
                0x0000000008003114       0x30 ./Drivers/STM32F4xx_HAL_Driver/Src/stm32f4xx_hal_gpio.o
                0x0000000008003114                HAL_GPIO_EXTI_IRQHandler
 .text.HAL_HCD_Init
                0x0000000008003144       0xc4 ./Drivers/STM32F4xx_HAL_Driver/Src/stm32f4xx_hal_hcd.o
                0x0000000008003144                HAL_HCD_Init
 .text.HAL_HCD_HC_Init
                0x0000000008003208      0x11e ./Drivers/STM32F4xx_HAL_Driver/Src/stm32f4xx_hal_hcd.o
                0x0000000008003208                HAL_HCD_HC_Init
 .text.HAL_HCD_HC_Halt
                0x0000000008003326       0x46 ./Drivers/STM32F4xx_HAL_Driver/Src/stm32f4xx_hal_hcd.o
                0x0000000008003326                HAL_HCD_HC_Halt
 .text.HAL_HCD_HC_SubmitRequest
                0x000000000800336c      0x2ac ./Drivers/STM32F4xx_HAL_Driver/Src/stm32f4xx_hal_hcd.o
                0x000000000800336c                HAL_HCD_HC_SubmitRequest
 .text.HAL_HCD_IRQHandler
                0x0000000008003618      0x216 ./Drivers/STM32F4xx_HAL_Driver/Src/stm32f4xx_hal_hcd.o
                0x0000000008003618                HAL_HCD_IRQHandler
 .text.HAL_HCD_Start
                0x000000000800382e       0x46 ./Drivers/STM32F4xx_HAL_Driver/Src/stm32f4xx_hal_hcd.o
                0x000000000800382e                HAL_HCD_Start
 .text.HAL_HCD_Stop
                0x0000000008003874       0x3a ./Drivers/STM32F4xx_HAL_Driver/Src/stm32f4xx_hal_hcd.o
                0x0000000008003874                HAL_HCD_Stop
 .text.HAL_HCD_ResetPort
                0x00000000080038ae       0x1c ./Drivers/STM32F4xx_HAL_Driver/Src/stm32f4xx_hal_hcd.o
                0x00000000080038ae                HAL_HCD_ResetPort
 .text.HAL_HCD_HC_GetURBState
                0x00000000080038ca       0x28 ./Drivers/STM32F4xx_HAL_Driver/Src/stm32f4xx_hal_hcd.o
                0x00000000080038ca                HAL_HCD_HC_GetURBState
 .text.HAL_HCD_HC_GetXferCount
                0x00000000080038f2       0x28 ./Drivers/STM32F4xx_HAL_Driver/Src/stm32f4xx_hal_hcd.o
                0x00000000080038f2                HAL_HCD_HC_GetXferCount
 .text.HAL_HCD_GetCurrentFrame
                0x000000000800391a       0x1c ./Drivers/STM32F4xx_HAL_Driver/Src/stm32f4xx_hal_hcd.o
                0x000000000800391a                HAL_HCD_GetCurrentFrame
 .text.HAL_HCD_GetCurrentSpeed
                0x0000000008003936       0x1c ./Drivers/STM32F4xx_HAL_Driver/Src/stm32f4xx_hal_hcd.o
                0x0000000008003936                HAL_HCD_GetCurrentSpeed
 .text.HCD_HC_IN_IRQHandler
                0x0000000008003952      0x844 ./Drivers/STM32F4xx_HAL_Driver/Src/stm32f4xx_hal_hcd.o
 .text.HCD_HC_OUT_IRQHandler
                0x0000000008004196      0x802 ./Drivers/STM32F4xx_HAL_Driver/Src/stm32f4xx_hal_hcd.o
 .text.HCD_RXQLVL_IRQHandler
                0x0000000008004998      0x1a4 ./Drivers/STM32F4xx_HAL_Driver/Src/stm32f4xx_hal_hcd.o
 .text.HCD_Port_IRQHandler
                0x0000000008004b3c       0xe6 ./Drivers/STM32F4xx_HAL_Driver/Src/stm32f4xx_hal_hcd.o
 *fill*         0x0000000008004c22        0x2 
 .text.HAL_I2C_Init
                0x0000000008004c24      0x288 ./Drivers/STM32F4xx_HAL_Driver/Src/stm32f4xx_hal_i2c.o
                0x0000000008004c24                HAL_I2C_Init
 .text.HAL_I2C_DeInit
                0x0000000008004eac       0x5e ./Drivers/STM32F4xx_HAL_Driver/Src/stm32f4xx_hal_i2c.o
                0x0000000008004eac                HAL_I2C_DeInit
 *fill*         0x0000000008004f0a        0x2 
 .text.HAL_I2C_Mem_Write
                0x0000000008004f0c      0x1f4 ./Drivers/STM32F4xx_HAL_Driver/Src/stm32f4xx_hal_i2c.o
                0x0000000008004f0c                HAL_I2C_Mem_Write
 .text.HAL_I2C_Mem_Read
                0x0000000008005100      0x44c ./Drivers/STM32F4xx_HAL_Driver/Src/stm32f4xx_hal_i2c.o
                0x0000000008005100                HAL_I2C_Mem_Read
 .text.HAL_I2C_GetState
                0x000000000800554c       0x1c ./Drivers/STM32F4xx_HAL_Driver/Src/stm32f4xx_hal_i2c.o
                0x000000000800554c                HAL_I2C_GetState
 .text.I2C_RequestMemoryWrite
                0x0000000008005568      0x12c ./Drivers/STM32F4xx_HAL_Driver/Src/stm32f4xx_hal_i2c.o
 .text.I2C_RequestMemoryRead
                0x0000000008005694      0x1d0 ./Drivers/STM32F4xx_HAL_Driver/Src/stm32f4xx_hal_i2c.o
 .text.I2C_WaitOnFlagUntilTimeout
                0x0000000008005864       0xae ./Drivers/STM32F4xx_HAL_Driver/Src/stm32f4xx_hal_i2c.o
 .text.I2C_WaitOnMasterAddressFlagUntilTimeout
                0x0000000008005912       0xfe ./Drivers/STM32F4xx_HAL_Driver/Src/stm32f4xx_hal_i2c.o
 .text.I2C_WaitOnTXEFlagUntilTimeout
                0x0000000008005a10       0x82 ./Drivers/STM32F4xx_HAL_Driver/Src/stm32f4xx_hal_i2c.o
 .text.I2C_WaitOnBTFFlagUntilTimeout
                0x0000000008005a92       0x82 ./Drivers/STM32F4xx_HAL_Driver/Src/stm32f4xx_hal_i2c.o
 .text.I2C_WaitOnRXNEFlagUntilTimeout
                0x0000000008005b14       0xac ./Drivers/STM32F4xx_HAL_Driver/Src/stm32f4xx_hal_i2c.o
 .text.I2C_IsAcknowledgeFailed
                0x0000000008005bc0       0x5e ./Drivers/STM32F4xx_HAL_Driver/Src/stm32f4xx_hal_i2c.o
 *fill*         0x0000000008005c1e        0x2 
 .text.HAL_I2S_Init
                0x0000000008005c20      0x280 ./Drivers/STM32F4xx_HAL_Driver/Src/stm32f4xx_hal_i2s.o
                0x0000000008005c20                HAL_I2S_Init
 .text.HAL_I2S_Transmit_DMA
                0x0000000008005ea0      0x150 ./Drivers/STM32F4xx_HAL_Driver/Src/stm32f4xx_hal_i2s.o
                0x0000000008005ea0                HAL_I2S_Transmit_DMA
 .text.HAL_I2S_DMAPause
                0x0000000008005ff0       0xc4 ./Drivers/STM32F4xx_HAL_Driver/Src/stm32f4xx_hal_i2s.o
                0x0000000008005ff0                HAL_I2S_DMAPause
 .text.HAL_I2S_DMAResume
                0x00000000080060b4      0x128 ./Drivers/STM32F4xx_HAL_Driver/Src/stm32f4xx_hal_i2s.o
                0x00000000080060b4                HAL_I2S_DMAResume
 .text.HAL_I2S_DMAStop
                0x00000000080061dc      0x3b4 ./Drivers/STM32F4xx_HAL_Driver/Src/stm32f4xx_hal_i2s.o
                0x00000000080061dc                HAL_I2S_DMAStop
 .text.HAL_I2S_RxCpltCallback
                0x0000000008006590       0x14 ./Drivers/STM32F4xx_HAL_Driver/Src/stm32f4xx_hal_i2s.o
                0x0000000008006590                HAL_I2S_RxCpltCallback
 .text.HAL_I2S_GetState
                0x00000000080065a4       0x1c ./Drivers/STM32F4xx_HAL_Driver/Src/stm32f4xx_hal_i2s.o
                0x00000000080065a4                HAL_I2S_GetState
 .text.I2S_DMATxCplt
                0x00000000080065c0       0x42 ./Drivers/STM32F4xx_HAL_Driver/Src/stm32f4xx_hal_i2s.o
 .text.I2S_DMATxHalfCplt
                0x0000000008006602       0x1c ./Drivers/STM32F4xx_HAL_Driver/Src/stm32f4xx_hal_i2s.o
 .text.I2S_DMAError
                0x000000000800661e       0x4c ./Drivers/STM32F4xx_HAL_Driver/Src/stm32f4xx_hal_i2s.o
 .text.I2S_Transmit_IT
                0x000000000800666a       0x5c ./Drivers/STM32F4xx_HAL_Driver/Src/stm32f4xx_hal_i2s.o
 .text.I2S_Receive_IT
                0x00000000080066c6       0x5e ./Drivers/STM32F4xx_HAL_Driver/Src/stm32f4xx_hal_i2s.o
 .text.I2S_IRQHandler
                0x0000000008006724      0x114 ./Drivers/STM32F4xx_HAL_Driver/Src/stm32f4xx_hal_i2s.o
 .text.I2S_WaitFlagStateUntilTimeout
                0x0000000008006838       0x72 ./Drivers/STM32F4xx_HAL_Driver/Src/stm32f4xx_hal_i2s.o
 *fill*         0x00000000080068aa        0x2 
 .text.HAL_I2SEx_FullDuplex_IRQHandler
                0x00000000080068ac      0x2a8 ./Drivers/STM32F4xx_HAL_Driver/Src/stm32f4xx_hal_i2s_ex.o
                0x00000000080068ac                HAL_I2SEx_FullDuplex_IRQHandler
 .text.HAL_I2SEx_TxRxCpltCallback
                0x0000000008006b54       0x14 ./Drivers/STM32F4xx_HAL_Driver/Src/stm32f4xx_hal_i2s_ex.o
                0x0000000008006b54                HAL_I2SEx_TxRxCpltCallback
 .text.I2SEx_TxISR_I2S
                0x0000000008006b68       0x62 ./Drivers/STM32F4xx_HAL_Driver/Src/stm32f4xx_hal_i2s_ex.o
 *fill*         0x0000000008006bca        0x2 
 .text.I2SEx_TxISR_I2SExt
                0x0000000008006bcc       0x98 ./Drivers/STM32F4xx_HAL_Driver/Src/stm32f4xx_hal_i2s_ex.o
 .text.I2SEx_RxISR_I2S
                0x0000000008006c64       0x64 ./Drivers/STM32F4xx_HAL_Driver/Src/stm32f4xx_hal_i2s_ex.o
 .text.I2SEx_RxISR_I2SExt
                0x0000000008006cc8       0x98 ./Drivers/STM32F4xx_HAL_Driver/Src/stm32f4xx_hal_i2s_ex.o
 .text.HAL_RCC_OscConfig
                0x0000000008006d60      0x4f0 ./Drivers/STM32F4xx_HAL_Driver/Src/stm32f4xx_hal_rcc.o
                0x0000000008006d60                HAL_RCC_OscConfig
 .text.HAL_RCC_ClockConfig
                0x0000000008007250      0x1cc ./Drivers/STM32F4xx_HAL_Driver/Src/stm32f4xx_hal_rcc.o
                0x0000000008007250                HAL_RCC_ClockConfig
 .text.HAL_RCC_GetSysClockFreq
                0x000000000800741c      0x1c4 ./Drivers/STM32F4xx_HAL_Driver/Src/stm32f4xx_hal_rcc.o
                0x000000000800741c                HAL_RCC_GetSysClockFreq
 .text.HAL_RCC_GetHCLKFreq
                0x00000000080075e0       0x18 ./Drivers/STM32F4xx_HAL_Driver/Src/stm32f4xx_hal_rcc.o
                0x00000000080075e0                HAL_RCC_GetHCLKFreq
 .text.HAL_RCC_GetPCLK1Freq
                0x00000000080075f8       0x28 ./Drivers/STM32F4xx_HAL_Driver/Src/stm32f4xx_hal_rcc.o
                0x00000000080075f8                HAL_RCC_GetPCLK1Freq
 .text.HAL_RCC_GetPCLK2Freq
                0x0000000008007620       0x28 ./Drivers/STM32F4xx_HAL_Driver/Src/stm32f4xx_hal_rcc.o
                0x0000000008007620                HAL_RCC_GetPCLK2Freq
 .text.HAL_RCC_GetClockConfig
                0x0000000008007648       0x64 ./Drivers/STM32F4xx_HAL_Driver/Src/stm32f4xx_hal_rcc.o
                0x0000000008007648                HAL_RCC_GetClockConfig
 .text.HAL_RCCEx_PeriphCLKConfig
                0x00000000080076ac      0x1c4 ./Drivers/STM32F4xx_HAL_Driver/Src/stm32f4xx_hal_rcc_ex.o
                0x00000000080076ac                HAL_RCCEx_PeriphCLKConfig
 .text.HAL_RCCEx_GetPeriphCLKConfig
                0x0000000008007870       0x58 ./Drivers/STM32F4xx_HAL_Driver/Src/stm32f4xx_hal_rcc_ex.o
                0x0000000008007870                HAL_RCCEx_GetPeriphCLKConfig
 .text.HAL_RCCEx_GetPeriphCLKFreq
                0x00000000080078c8       0xbc ./Drivers/STM32F4xx_HAL_Driver/Src/stm32f4xx_hal_rcc_ex.o
                0x00000000080078c8                HAL_RCCEx_GetPeriphCLKFreq
 .text.HAL_TIM_Base_Init
                0x0000000008007984       0x9e ./Drivers/STM32F4xx_HAL_Driver/Src/stm32f4xx_hal_tim.o
                0x0000000008007984                HAL_TIM_Base_Init
 .text.HAL_TIM_Base_MspInit
                0x0000000008007a22       0x14 ./Drivers/STM32F4xx_HAL_Driver/Src/stm32f4xx_hal_tim.o
                0x0000000008007a22                HAL_TIM_Base_MspInit
 *fill*         0x0000000008007a36        0x2 
 .text.HAL_TIM_Base_Start_IT
                0x0000000008007a38       0xe0 ./Drivers/STM32F4xx_HAL_Driver/Src/stm32f4xx_hal_tim.o
                0x0000000008007a38                HAL_TIM_Base_Start_IT
 .text.HAL_TIM_IRQHandler
                0x0000000008007b18      0x210 ./Drivers/STM32F4xx_HAL_Driver/Src/stm32f4xx_hal_tim.o
                0x0000000008007b18                HAL_TIM_IRQHandler
 .text.HAL_TIM_OC_DelayElapsedCallback
                0x0000000008007d28       0x14 ./Drivers/STM32F4xx_HAL_Driver/Src/stm32f4xx_hal_tim.o
                0x0000000008007d28                HAL_TIM_OC_DelayElapsedCallback
 .text.HAL_TIM_IC_CaptureCallback
                0x0000000008007d3c       0x14 ./Drivers/STM32F4xx_HAL_Driver/Src/stm32f4xx_hal_tim.o
                0x0000000008007d3c                HAL_TIM_IC_CaptureCallback
 .text.HAL_TIM_PWM_PulseFinishedCallback
                0x0000000008007d50       0x14 ./Drivers/STM32F4xx_HAL_Driver/Src/stm32f4xx_hal_tim.o
                0x0000000008007d50                HAL_TIM_PWM_PulseFinishedCallback
 .text.HAL_TIM_TriggerCallback
                0x0000000008007d64       0x14 ./Drivers/STM32F4xx_HAL_Driver/Src/stm32f4xx_hal_tim.o
                0x0000000008007d64                HAL_TIM_TriggerCallback
 .text.TIM_Base_SetConfig
                0x0000000008007d78      0x140 ./Drivers/STM32F4xx_HAL_Driver/Src/stm32f4xx_hal_tim.o
                0x0000000008007d78                TIM_Base_SetConfig
 .text.HAL_TIMEx_CommutCallback
                0x0000000008007eb8       0x14 ./Drivers/STM32F4xx_HAL_Driver/Src/stm32f4xx_hal_tim_ex.o
                0x0000000008007eb8                HAL_TIMEx_CommutCallback
 .text.HAL_TIMEx_BreakCallback
                0x0000000008007ecc       0x14 ./Drivers/STM32F4xx_HAL_Driver/Src/stm32f4xx_hal_tim_ex.o
                0x0000000008007ecc                HAL_TIMEx_BreakCallback
 .text.USB_CoreInit
                0x0000000008007ee0       0xc2 ./Drivers/STM32F4xx_HAL_Driver/Src/stm32f4xx_ll_usb.o
                0x0000000008007ee0                USB_CoreInit
 .text.USB_EnableGlobalInt
                0x0000000008007fa2       0x22 ./Drivers/STM32F4xx_HAL_Driver/Src/stm32f4xx_ll_usb.o
                0x0000000008007fa2                USB_EnableGlobalInt
 .text.USB_DisableGlobalInt
                0x0000000008007fc4       0x22 ./Drivers/STM32F4xx_HAL_Driver/Src/stm32f4xx_ll_usb.o
                0x0000000008007fc4                USB_DisableGlobalInt
 .text.USB_SetCurrentMode
                0x0000000008007fe6       0x98 ./Drivers/STM32F4xx_HAL_Driver/Src/stm32f4xx_ll_usb.o
                0x0000000008007fe6                USB_SetCurrentMode
 *fill*         0x000000000800807e        0x2 
 .text.USB_FlushTxFifo
                0x0000000008008080       0x48 ./Drivers/STM32F4xx_HAL_Driver/Src/stm32f4xx_ll_usb.o
                0x0000000008008080                USB_FlushTxFifo
 .text.USB_FlushRxFifo
                0x00000000080080c8       0x40 ./Drivers/STM32F4xx_HAL_Driver/Src/stm32f4xx_ll_usb.o
                0x00000000080080c8                USB_FlushRxFifo
 .text.USB_WritePacket
                0x0000000008008108       0x7c ./Drivers/STM32F4xx_HAL_Driver/Src/stm32f4xx_ll_usb.o
                0x0000000008008108                USB_WritePacket
 .text.USB_ReadPacket
                0x0000000008008184       0xb0 ./Drivers/STM32F4xx_HAL_Driver/Src/stm32f4xx_ll_usb.o
                0x0000000008008184                USB_ReadPacket
 .text.USB_ReadInterrupts
                0x0000000008008234       0x26 ./Drivers/STM32F4xx_HAL_Driver/Src/stm32f4xx_ll_usb.o
                0x0000000008008234                USB_ReadInterrupts
 .text.USB_GetMode
                0x000000000800825a       0x1c ./Drivers/STM32F4xx_HAL_Driver/Src/stm32f4xx_ll_usb.o
                0x000000000800825a                USB_GetMode
 *fill*         0x0000000008008276        0x2 
 .text.USB_CoreReset
                0x0000000008008278       0x64 ./Drivers/STM32F4xx_HAL_Driver/Src/stm32f4xx_ll_usb.o
 .text.USB_HostInit
                0x00000000080082dc      0x168 ./Drivers/STM32F4xx_HAL_Driver/Src/stm32f4xx_ll_usb.o
                0x00000000080082dc                USB_HostInit
 .text.USB_InitFSLSPClkSel
                0x0000000008008444       0x74 ./Drivers/STM32F4xx_HAL_Driver/Src/stm32f4xx_ll_usb.o
                0x0000000008008444                USB_InitFSLSPClkSel
 .text.USB_ResetPort
                0x00000000080084b8       0x54 ./Drivers/STM32F4xx_HAL_Driver/Src/stm32f4xx_ll_usb.o
                0x00000000080084b8                USB_ResetPort
 .text.USB_DriveVbus
                0x000000000800850c       0x72 ./Drivers/STM32F4xx_HAL_Driver/Src/stm32f4xx_ll_usb.o
                0x000000000800850c                USB_DriveVbus
 .text.USB_GetHostSpeed
                0x000000000800857e       0x2e ./Drivers/STM32F4xx_HAL_Driver/Src/stm32f4xx_ll_usb.o
                0x000000000800857e                USB_GetHostSpeed
 .text.USB_GetCurrentFrame
                0x00000000080085ac       0x22 ./Drivers/STM32F4xx_HAL_Driver/Src/stm32f4xx_ll_usb.o
                0x00000000080085ac                USB_GetCurrentFrame
 *fill*         0x00000000080085ce        0x2 
 .text.USB_HC_Init
                0x00000000080085d0      0x21c ./Drivers/STM32F4xx_HAL_Driver/Src/stm32f4xx_ll_usb.o
                0x00000000080085d0                USB_HC_Init
 .text.USB_HC_StartXfer
                0x00000000080087ec      0x284 ./Drivers/STM32F4xx_HAL_Driver/Src/stm32f4xx_ll_usb.o
                0x00000000080087ec                USB_HC_StartXfer
 .text.USB_HC_ReadInterrupt
                0x0000000008008a70       0x22 ./Drivers/STM32F4xx_HAL_Driver/Src/stm32f4xx_ll_usb.o
                0x0000000008008a70                USB_HC_ReadInterrupt
 .text.USB_HC_Halt
                0x0000000008008a92      0x238 ./Drivers/STM32F4xx_HAL_Driver/Src/stm32f4xx_ll_usb.o
                0x0000000008008a92                USB_HC_Halt
 *fill*         0x0000000008008cca        0x2 
 .text.USB_DoPing
                0x0000000008008ccc       0x78 ./Drivers/STM32F4xx_HAL_Driver/Src/stm32f4xx_ll_usb.o
                0x0000000008008ccc                USB_DoPing
 .text.USB_StopHost
                0x0000000008008d44      0x10c ./Drivers/STM32F4xx_HAL_Driver/Src/stm32f4xx_ll_usb.o
                0x0000000008008d44                USB_StopHost
 .text.MX_FATFS_Init
                0x0000000008008e50       0x24 ./FATFS/App/fatfs.o
                0x0000000008008e50                MX_FATFS_Init
 .text.get_fattime
                0x0000000008008e74       0x10 ./FATFS/App/fatfs.o
                0x0000000008008e74                get_fattime
 .text.USBH_initialize
                0x0000000008008e84       0x18 ./FATFS/Target/usbh_diskio.o
                0x0000000008008e84                USBH_initialize
 .text.USBH_status
                0x0000000008008e9c       0x38 ./FATFS/Target/usbh_diskio.o
                0x0000000008008e9c                USBH_status
 .text.USBH_read
                0x0000000008008ed4       0x74 ./FATFS/Target/usbh_diskio.o
                0x0000000008008ed4                USBH_read
 .text.USBH_write
                0x0000000008008f48       0x84 ./FATFS/Target/usbh_diskio.o
                0x0000000008008f48                USBH_write
 .text.USBH_ioctl
                0x0000000008008fcc       0xd8 ./FATFS/Target/usbh_diskio.o
                0x0000000008008fcc                USBH_ioctl
 .text.USBH_MSC_InterfaceInit
                0x00000000080090a4      0x216 ./Middlewares/ST/STM32_USB_Host_Library/Class/MSC/Src/usbh_msc.o
 .text.USBH_MSC_InterfaceDeInit
                0x00000000080092ba       0x8c ./Middlewares/ST/STM32_USB_Host_Library/Class/MSC/Src/usbh_msc.o
 .text.USBH_MSC_ClassRequest
                0x0000000008009346       0xce ./Middlewares/ST/STM32_USB_Host_Library/Class/MSC/Src/usbh_msc.o
 .text.USBH_MSC_Process
                0x0000000008009414      0x520 ./Middlewares/ST/STM32_USB_Host_Library/Class/MSC/Src/usbh_msc.o
 .text.USBH_MSC_SOFProcess
                0x0000000008009934       0x16 ./Middlewares/ST/STM32_USB_Host_Library/Class/MSC/Src/usbh_msc.o
 .text.USBH_MSC_RdWrProcess
                0x000000000800994a      0x19e ./Middlewares/ST/STM32_USB_Host_Library/Class/MSC/Src/usbh_msc.o
 .text.USBH_MSC_UnitIsReady
                0x0000000008009ae8       0x4c ./Middlewares/ST/STM32_USB_Host_Library/Class/MSC/Src/usbh_msc.o
                0x0000000008009ae8                USBH_MSC_UnitIsReady
 .text.USBH_MSC_GetLUNInfo
                0x0000000008009b34       0x48 ./Middlewares/ST/STM32_USB_Host_Library/Class/MSC/Src/usbh_msc.o
                0x0000000008009b34                USBH_MSC_GetLUNInfo
 .text.USBH_MSC_Read
                0x0000000008009b7c       0xd2 ./Middlewares/ST/STM32_USB_Host_Library/Class/MSC/Src/usbh_msc.o
                0x0000000008009b7c                USBH_MSC_Read
 .text.USBH_MSC_Write
                0x0000000008009c4e       0xd2 ./Middlewares/ST/STM32_USB_Host_Library/Class/MSC/Src/usbh_msc.o
                0x0000000008009c4e                USBH_MSC_Write
 .text.USBH_MSC_BOT_REQ_Reset
                0x0000000008009d20       0x3a ./Middlewares/ST/STM32_USB_Host_Library/Class/MSC/Src/usbh_msc_bot.o
                0x0000000008009d20                USBH_MSC_BOT_REQ_Reset
 .text.USBH_MSC_BOT_REQ_GetMaxLUN
                0x0000000008009d5a       0x3c ./Middlewares/ST/STM32_USB_Host_Library/Class/MSC/Src/usbh_msc_bot.o
                0x0000000008009d5a                USBH_MSC_BOT_REQ_GetMaxLUN
 *fill*         0x0000000008009d96        0x2 
 .text.USBH_MSC_BOT_Init
                0x0000000008009d98       0x44 ./Middlewares/ST/STM32_USB_Host_Library/Class/MSC/Src/usbh_msc_bot.o
                0x0000000008009d98                USBH_MSC_BOT_Init
 .text.USBH_MSC_BOT_Process
                0x0000000008009ddc      0x39c ./Middlewares/ST/STM32_USB_Host_Library/Class/MSC/Src/usbh_msc_bot.o
                0x0000000008009ddc                USBH_MSC_BOT_Process
 .text.USBH_MSC_BOT_Abort
                0x000000000800a178       0x58 ./Middlewares/ST/STM32_USB_Host_Library/Class/MSC/Src/usbh_msc_bot.o
 .text.USBH_MSC_DecodeCSW
                0x000000000800a1d0       0x88 ./Middlewares/ST/STM32_USB_Host_Library/Class/MSC/Src/usbh_msc_bot.o
 .text.USBH_MSC_SCSI_TestUnitReady
                0x000000000800a258       0x86 ./Middlewares/ST/STM32_USB_Host_Library/Class/MSC/Src/usbh_msc_scsi.o
                0x000000000800a258                USBH_MSC_SCSI_TestUnitReady
 .text.USBH_MSC_SCSI_ReadCapacity
                0x000000000800a2de       0xf6 ./Middlewares/ST/STM32_USB_Host_Library/Class/MSC/Src/usbh_msc_scsi.o
                0x000000000800a2de                USBH_MSC_SCSI_ReadCapacity
 .text.USBH_MSC_SCSI_Inquiry
                0x000000000800a3d4      0x14a ./Middlewares/ST/STM32_USB_Host_Library/Class/MSC/Src/usbh_msc_scsi.o
                0x000000000800a3d4                USBH_MSC_SCSI_Inquiry
 .text.USBH_MSC_SCSI_RequestSense
                0x000000000800a51e       0xf2 ./Middlewares/ST/STM32_USB_Host_Library/Class/MSC/Src/usbh_msc_scsi.o
                0x000000000800a51e                USBH_MSC_SCSI_RequestSense
 .text.USBH_MSC_SCSI_Write
                0x000000000800a610       0xd6 ./Middlewares/ST/STM32_USB_Host_Library/Class/MSC/Src/usbh_msc_scsi.o
                0x000000000800a610                USBH_MSC_SCSI_Write
 .text.USBH_MSC_SCSI_Read
                0x000000000800a6e6       0xd6 ./Middlewares/ST/STM32_USB_Host_Library/Class/MSC/Src/usbh_msc_scsi.o
                0x000000000800a6e6                USBH_MSC_SCSI_Read
 .text.USBH_Init
                0x000000000800a7bc       0x74 ./Middlewares/ST/STM32_USB_Host_Library/Core/Src/usbh_core.o
                0x000000000800a7bc                USBH_Init
 .text.DeInitStateMachine
                0x000000000800a830       0xa8 ./Middlewares/ST/STM32_USB_Host_Library/Core/Src/usbh_core.o
 .text.USBH_RegisterClass
                0x000000000800a8d8       0x54 ./Middlewares/ST/STM32_USB_Host_Library/Core/Src/usbh_core.o
                0x000000000800a8d8                USBH_RegisterClass
 .text.USBH_SelectInterface
                0x000000000800a92c       0x38 ./Middlewares/ST/STM32_USB_Host_Library/Core/Src/usbh_core.o
                0x000000000800a92c                USBH_SelectInterface
 .text.USBH_FindInterface
                0x000000000800a964       0x8c ./Middlewares/ST/STM32_USB_Host_Library/Core/Src/usbh_core.o
                0x000000000800a964                USBH_FindInterface
 .text.USBH_Start
                0x000000000800a9f0       0x20 ./Middlewares/ST/STM32_USB_Host_Library/Core/Src/usbh_core.o
                0x000000000800a9f0                USBH_Start
 .text.USBH_Process
                0x000000000800aa10      0x3c0 ./Middlewares/ST/STM32_USB_Host_Library/Core/Src/usbh_core.o
                0x000000000800aa10                USBH_Process
 .text.USBH_HandleEnum
                0x000000000800add0      0x3c8 ./Middlewares/ST/STM32_USB_Host_Library/Core/Src/usbh_core.o
 .text.USBH_LL_SetTimer
                0x000000000800b198       0x1e ./Middlewares/ST/STM32_USB_Host_Library/Core/Src/usbh_core.o
                0x000000000800b198                USBH_LL_SetTimer
 .text.USBH_LL_IncTimer
                0x000000000800b1b6       0x24 ./Middlewares/ST/STM32_USB_Host_Library/Core/Src/usbh_core.o
                0x000000000800b1b6                USBH_LL_IncTimer
 .text.USBH_HandleSof
                0x000000000800b1da       0x30 ./Middlewares/ST/STM32_USB_Host_Library/Core/Src/usbh_core.o
 .text.USBH_LL_PortEnabled
                0x000000000800b20a       0x1c ./Middlewares/ST/STM32_USB_Host_Library/Core/Src/usbh_core.o
                0x000000000800b20a                USBH_LL_PortEnabled
 .text.USBH_LL_PortDisabled
                0x000000000800b226       0x1c ./Middlewares/ST/STM32_USB_Host_Library/Core/Src/usbh_core.o
                0x000000000800b226                USBH_LL_PortDisabled
 .text.USBH_LL_Connect
                0x000000000800b242       0x2e ./Middlewares/ST/STM32_USB_Host_Library/Core/Src/usbh_core.o
                0x000000000800b242                USBH_LL_Connect
 .text.USBH_LL_Disconnect
                0x000000000800b270       0x48 ./Middlewares/ST/STM32_USB_Host_Library/Core/Src/usbh_core.o
                0x000000000800b270                USBH_LL_Disconnect
 .text.USBH_Get_DevDesc
                0x000000000800b2b8       0x50 ./Middlewares/ST/STM32_USB_Host_Library/Core/Src/usbh_ctlreq.o
                0x000000000800b2b8                USBH_Get_DevDesc
 .text.USBH_Get_CfgDesc
                0x000000000800b308       0x48 ./Middlewares/ST/STM32_USB_Host_Library/Core/Src/usbh_ctlreq.o
                0x000000000800b308                USBH_Get_CfgDesc
 .text.USBH_Get_StringDesc
                0x000000000800b350       0x56 ./Middlewares/ST/STM32_USB_Host_Library/Core/Src/usbh_ctlreq.o
                0x000000000800b350                USBH_Get_StringDesc
 .text.USBH_GetDescriptor
                0x000000000800b3a6       0x6a ./Middlewares/ST/STM32_USB_Host_Library/Core/Src/usbh_ctlreq.o
                0x000000000800b3a6                USBH_GetDescriptor
 .text.USBH_SetAddress
                0x000000000800b410       0x48 ./Middlewares/ST/STM32_USB_Host_Library/Core/Src/usbh_ctlreq.o
                0x000000000800b410                USBH_SetAddress
 .text.USBH_SetCfg
                0x000000000800b458       0x46 ./Middlewares/ST/STM32_USB_Host_Library/Core/Src/usbh_ctlreq.o
                0x000000000800b458                USBH_SetCfg
 .text.USBH_SetFeature
                0x000000000800b49e       0x48 ./Middlewares/ST/STM32_USB_Host_Library/Core/Src/usbh_ctlreq.o
                0x000000000800b49e                USBH_SetFeature
 .text.USBH_ClrFeature
                0x000000000800b4e6       0x48 ./Middlewares/ST/STM32_USB_Host_Library/Core/Src/usbh_ctlreq.o
                0x000000000800b4e6                USBH_ClrFeature
 .text.USBH_ParseDevDesc
                0x000000000800b52e       0xe0 ./Middlewares/ST/STM32_USB_Host_Library/Core/Src/usbh_ctlreq.o
 .text.USBH_ParseCfgDesc
                0x000000000800b60e      0x144 ./Middlewares/ST/STM32_USB_Host_Library/Core/Src/usbh_ctlreq.o
 .text.USBH_ParseInterfaceDesc
                0x000000000800b752       0x5e ./Middlewares/ST/STM32_USB_Host_Library/Core/Src/usbh_ctlreq.o
 .text.USBH_ParseEPDesc
                0x000000000800b7b0       0x5a ./Middlewares/ST/STM32_USB_Host_Library/Core/Src/usbh_ctlreq.o
 .text.USBH_ParseStringDesc
                0x000000000800b80a       0x66 ./Middlewares/ST/STM32_USB_Host_Library/Core/Src/usbh_ctlreq.o
 .text.USBH_GetNextDesc
                0x000000000800b870       0x36 ./Middlewares/ST/STM32_USB_Host_Library/Core/Src/usbh_ctlreq.o
                0x000000000800b870                USBH_GetNextDesc
 .text.USBH_CtlReq
                0x000000000800b8a6       0x7a ./Middlewares/ST/STM32_USB_Host_Library/Core/Src/usbh_ctlreq.o
                0x000000000800b8a6                USBH_CtlReq
 .text.USBH_HandleControl
                0x000000000800b920      0x2e8 ./Middlewares/ST/STM32_USB_Host_Library/Core/Src/usbh_ctlreq.o
 .text.USBH_CtlSendSetup
                0x000000000800bc08       0x34 ./Middlewares/ST/STM32_USB_Host_Library/Core/Src/usbh_ioreq.o
                0x000000000800bc08                USBH_CtlSendSetup
 .text.USBH_CtlSendData
                0x000000000800bc3c       0x4a ./Middlewares/ST/STM32_USB_Host_Library/Core/Src/usbh_ioreq.o
                0x000000000800bc3c                USBH_CtlSendData
 .text.USBH_CtlReceiveData
                0x000000000800bc86       0x3c ./Middlewares/ST/STM32_USB_Host_Library/Core/Src/usbh_ioreq.o
                0x000000000800bc86                USBH_CtlReceiveData
 .text.USBH_BulkSendData
                0x000000000800bcc2       0x4a ./Middlewares/ST/STM32_USB_Host_Library/Core/Src/usbh_ioreq.o
                0x000000000800bcc2                USBH_BulkSendData
 .text.USBH_BulkReceiveData
                0x000000000800bd0c       0x3c ./Middlewares/ST/STM32_USB_Host_Library/Core/Src/usbh_ioreq.o
                0x000000000800bd0c                USBH_BulkReceiveData
 .text.USBH_OpenPipe
                0x000000000800bd48       0x3e ./Middlewares/ST/STM32_USB_Host_Library/Core/Src/usbh_pipes.o
                0x000000000800bd48                USBH_OpenPipe
 .text.USBH_ClosePipe
                0x000000000800bd86       0x20 ./Middlewares/ST/STM32_USB_Host_Library/Core/Src/usbh_pipes.o
                0x000000000800bd86                USBH_ClosePipe
 .text.USBH_AllocPipe
                0x000000000800bda6       0x42 ./Middlewares/ST/STM32_USB_Host_Library/Core/Src/usbh_pipes.o
                0x000000000800bda6                USBH_AllocPipe
 .text.USBH_FreePipe
                0x000000000800bde8       0x3c ./Middlewares/ST/STM32_USB_Host_Library/Core/Src/usbh_pipes.o
                0x000000000800bde8                USBH_FreePipe
 .text.USBH_GetFreePipe
                0x000000000800be24       0x48 ./Middlewares/ST/STM32_USB_Host_Library/Core/Src/usbh_pipes.o
 .text.disk_status
                0x000000000800be6c       0x34 ./Middlewares/Third_Party/FatFs/src/diskio.o
                0x000000000800be6c                disk_status
 .text.disk_initialize
                0x000000000800bea0       0x4c ./Middlewares/Third_Party/FatFs/src/diskio.o
                0x000000000800bea0                disk_initialize
 .text.disk_read
                0x000000000800beec       0x40 ./Middlewares/Third_Party/FatFs/src/diskio.o
                0x000000000800beec                disk_read
 .text.disk_write
                0x000000000800bf2c       0x40 ./Middlewares/Third_Party/FatFs/src/diskio.o
                0x000000000800bf2c                disk_write
 .text.disk_ioctl
                0x000000000800bf6c       0x3c ./Middlewares/Third_Party/FatFs/src/diskio.o
                0x000000000800bf6c                disk_ioctl
 .text.ld_word  0x000000000800bfa8       0x30 ./Middlewares/Third_Party/FatFs/src/ff.o
 .text.ld_dword
                0x000000000800bfd8       0x46 ./Middlewares/Third_Party/FatFs/src/ff.o
 .text.st_word  0x000000000800c01e       0x36 ./Middlewares/Third_Party/FatFs/src/ff.o
 .text.st_dword
                0x000000000800c054       0x58 ./Middlewares/Third_Party/FatFs/src/ff.o
 .text.mem_cpy  0x000000000800c0ac       0x42 ./Middlewares/Third_Party/FatFs/src/ff.o
 .text.mem_set  0x000000000800c0ee       0x36 ./Middlewares/Third_Party/FatFs/src/ff.o
 .text.mem_cmp  0x000000000800c124       0x4e ./Middlewares/Third_Party/FatFs/src/ff.o
 .text.chk_chr  0x000000000800c172       0x36 ./Middlewares/Third_Party/FatFs/src/ff.o
 .text.chk_lock
                0x000000000800c1a8       0xb8 ./Middlewares/Third_Party/FatFs/src/ff.o
 .text.enq_lock
                0x000000000800c260       0x44 ./Middlewares/Third_Party/FatFs/src/ff.o
 .text.inc_lock
                0x000000000800c2a4      0x11c ./Middlewares/Third_Party/FatFs/src/ff.o
 .text.dec_lock
                0x000000000800c3c0       0x78 ./Middlewares/Third_Party/FatFs/src/ff.o
 .text.clear_lock
                0x000000000800c438       0x48 ./Middlewares/Third_Party/FatFs/src/ff.o
 .text.sync_window
                0x000000000800c480       0x88 ./Middlewares/Third_Party/FatFs/src/ff.o
 .text.move_window
                0x000000000800c508       0x5a ./Middlewares/Third_Party/FatFs/src/ff.o
 *fill*         0x000000000800c562        0x2 
 .text.sync_fs  0x000000000800c564       0xdc ./Middlewares/Third_Party/FatFs/src/ff.o
 .text.clust2sect
                0x000000000800c640       0x3e ./Middlewares/Third_Party/FatFs/src/ff.o
 .text.get_fat  0x000000000800c67e      0x150 ./Middlewares/Third_Party/FatFs/src/ff.o
 .text.put_fat  0x000000000800c7ce      0x1d8 ./Middlewares/Third_Party/FatFs/src/ff.o
 .text.remove_chain
                0x000000000800c9a6       0xca ./Middlewares/Third_Party/FatFs/src/ff.o
 .text.create_chain
                0x000000000800ca70      0x130 ./Middlewares/Third_Party/FatFs/src/ff.o
 .text.clmt_clust
                0x000000000800cba0       0x68 ./Middlewares/Third_Party/FatFs/src/ff.o
 .text.dir_sdi  0x000000000800cc08       0xf6 ./Middlewares/Third_Party/FatFs/src/ff.o
 .text.dir_next
                0x000000000800ccfe      0x18a ./Middlewares/Third_Party/FatFs/src/ff.o
 .text.dir_alloc
                0x000000000800ce88       0x8e ./Middlewares/Third_Party/FatFs/src/ff.o
 .text.ld_clust
                0x000000000800cf16       0x3e ./Middlewares/Third_Party/FatFs/src/ff.o
 .text.st_clust
                0x000000000800cf54       0x40 ./Middlewares/Third_Party/FatFs/src/ff.o
 .text.cmp_lfn  0x000000000800cf94       0xe0 ./Middlewares/Third_Party/FatFs/src/ff.o
 .text.pick_lfn
                0x000000000800d074       0xc8 ./Middlewares/Third_Party/FatFs/src/ff.o
 .text.put_lfn  0x000000000800d13c       0xd0 ./Middlewares/Third_Party/FatFs/src/ff.o
 .text.gen_numname
                0x000000000800d20c      0x120 ./Middlewares/Third_Party/FatFs/src/ff.o
 .text.sum_sfn  0x000000000800d32c       0x42 ./Middlewares/Third_Party/FatFs/src/ff.o
 .text.dir_read
                0x000000000800d36e      0x14e ./Middlewares/Third_Party/FatFs/src/ff.o
 .text.dir_find
                0x000000000800d4bc      0x180 ./Middlewares/Third_Party/FatFs/src/ff.o
 .text.dir_register
                0x000000000800d63c      0x1f0 ./Middlewares/Third_Party/FatFs/src/ff.o
 .text.get_fileinfo
                0x000000000800d82c      0x1ba ./Middlewares/Third_Party/FatFs/src/ff.o
 *fill*         0x000000000800d9e6        0x2 
 .text.create_name
                0x000000000800d9e8      0x370 ./Middlewares/Third_Party/FatFs/src/ff.o
 .text.follow_path
                0x000000000800dd58       0xe2 ./Middlewares/Third_Party/FatFs/src/ff.o
 .text.get_ldnumber
                0x000000000800de3a       0x88 ./Middlewares/Third_Party/FatFs/src/ff.o
 *fill*         0x000000000800dec2        0x2 
 .text.check_fs
                0x000000000800dec4       0xac ./Middlewares/Third_Party/FatFs/src/ff.o
 .text.find_volume
                0x000000000800df70      0x4a4 ./Middlewares/Third_Party/FatFs/src/ff.o
 .text.validate
                0x000000000800e414       0x6a ./Middlewares/Third_Party/FatFs/src/ff.o
 *fill*         0x000000000800e47e        0x2 
 .text.f_mount  0x000000000800e480       0x8c ./Middlewares/Third_Party/FatFs/src/ff.o
                0x000000000800e480                f_mount
 .text.f_open   0x000000000800e50c      0x37c ./Middlewares/Third_Party/FatFs/src/ff.o
                0x000000000800e50c                f_open
 .text.f_read   0x000000000800e888      0x27e ./Middlewares/Third_Party/FatFs/src/ff.o
                0x000000000800e888                f_read
 .text.f_sync   0x000000000800eb06       0xfc ./Middlewares/Third_Party/FatFs/src/ff.o
                0x000000000800eb06                f_sync
 .text.f_close  0x000000000800ec02       0x54 ./Middlewares/Third_Party/FatFs/src/ff.o
                0x000000000800ec02                f_close
 .text.f_lseek  0x000000000800ec56      0x412 ./Middlewares/Third_Party/FatFs/src/ff.o
                0x000000000800ec56                f_lseek
 .text.f_opendir
                0x000000000800f068       0xe6 ./Middlewares/Third_Party/FatFs/src/ff.o
                0x000000000800f068                f_opendir
 .text.f_closedir
                0x000000000800f14e       0x4c ./Middlewares/Third_Party/FatFs/src/ff.o
                0x000000000800f14e                f_closedir
 .text.f_readdir
                0x000000000800f19a       0x7a ./Middlewares/Third_Party/FatFs/src/ff.o
                0x000000000800f19a                f_readdir
 .text.FATFS_LinkDriverEx
                0x000000000800f214       0x98 ./Middlewares/Third_Party/FatFs/src/ff_gen_drv.o
                0x000000000800f214                FATFS_LinkDriverEx
 .text.FATFS_LinkDriver
                0x000000000800f2ac       0x1e ./Middlewares/Third_Party/FatFs/src/ff_gen_drv.o
                0x000000000800f2ac                FATFS_LinkDriver
 *fill*         0x000000000800f2ca        0x2 
 .text.ff_convert
                0x000000000800f2cc       0x78 ./Middlewares/Third_Party/FatFs/src/option/ccsbcs.o
                0x000000000800f2cc                ff_convert
 .text.ff_wtoupper
                0x000000000800f344      0x114 ./Middlewares/Third_Party/FatFs/src/option/ccsbcs.o
                0x000000000800f344                ff_wtoupper
 .text.MX_USB_HOST_Init
                0x000000000800f458       0x4c ./USB_HOST/App/usb_host.o
                0x000000000800f458                MX_USB_HOST_Init
 .text.MX_USB_HOST_Process
                0x000000000800f4a4       0x14 ./USB_HOST/App/usb_host.o
                0x000000000800f4a4                MX_USB_HOST_Process
 .text.USBH_UserProcess
                0x000000000800f4b8       0x5c ./USB_HOST/App/usb_host.o
 .text.HAL_HCD_MspInit
                0x000000000800f514       0xc4 ./USB_HOST/Target/usbh_conf.o
                0x000000000800f514                HAL_HCD_MspInit
 .text.HAL_HCD_SOF_Callback
                0x000000000800f5d8       0x1c ./USB_HOST/Target/usbh_conf.o
                0x000000000800f5d8                HAL_HCD_SOF_Callback
 .text.HAL_HCD_Connect_Callback
                0x000000000800f5f4       0x1c ./USB_HOST/Target/usbh_conf.o
                0x000000000800f5f4                HAL_HCD_Connect_Callback
 .text.HAL_HCD_Disconnect_Callback
                0x000000000800f610       0x1c ./USB_HOST/Target/usbh_conf.o
                0x000000000800f610                HAL_HCD_Disconnect_Callback
 .text.HAL_HCD_HC_NotifyURBChange_Callback
                0x000000000800f62c       0x1c ./USB_HOST/Target/usbh_conf.o
                0x000000000800f62c                HAL_HCD_HC_NotifyURBChange_Callback
 .text.HAL_HCD_PortEnabled_Callback
                0x000000000800f648       0x1c ./USB_HOST/Target/usbh_conf.o
                0x000000000800f648                HAL_HCD_PortEnabled_Callback
 .text.HAL_HCD_PortDisabled_Callback
                0x000000000800f664       0x1c ./USB_HOST/Target/usbh_conf.o
                0x000000000800f664                HAL_HCD_PortDisabled_Callback
 .text.USBH_LL_Init
                0x000000000800f680       0x78 ./USB_HOST/Target/usbh_conf.o
                0x000000000800f680                USBH_LL_Init
 .text.USBH_LL_Start
                0x000000000800f6f8       0x36 ./USB_HOST/Target/usbh_conf.o
                0x000000000800f6f8                USBH_LL_Start
 .text.USBH_LL_Stop
                0x000000000800f72e       0x36 ./USB_HOST/Target/usbh_conf.o
                0x000000000800f72e                USBH_LL_Stop
 .text.USBH_LL_GetSpeed
                0x000000000800f764       0x4e ./USB_HOST/Target/usbh_conf.o
                0x000000000800f764                USBH_LL_GetSpeed
 .text.USBH_LL_ResetPort
                0x000000000800f7b2       0x36 ./USB_HOST/Target/usbh_conf.o
                0x000000000800f7b2                USBH_LL_ResetPort
 .text.USBH_LL_GetLastXferSize
                0x000000000800f7e8       0x26 ./USB_HOST/Target/usbh_conf.o
                0x000000000800f7e8                USBH_LL_GetLastXferSize
 .text.USBH_LL_OpenPipe
                0x000000000800f80e       0x5e ./USB_HOST/Target/usbh_conf.o
                0x000000000800f80e                USBH_LL_OpenPipe
 .text.USBH_LL_ClosePipe
                0x000000000800f86c       0x3e ./USB_HOST/Target/usbh_conf.o
                0x000000000800f86c                USBH_LL_ClosePipe
 .text.USBH_LL_SubmitURB
                0x000000000800f8aa       0x62 ./USB_HOST/Target/usbh_conf.o
                0x000000000800f8aa                USBH_LL_SubmitURB
 .text.USBH_LL_GetURBState
                0x000000000800f90c       0x26 ./USB_HOST/Target/usbh_conf.o
                0x000000000800f90c                USBH_LL_GetURBState
 .text.USBH_LL_DriverVBUS
                0x000000000800f932       0x2e ./USB_HOST/Target/usbh_conf.o
                0x000000000800f932                USBH_LL_DriverVBUS
 .text.USBH_LL_SetToggle
                0x000000000800f960       0x60 ./USB_HOST/Target/usbh_conf.o
                0x000000000800f960                USBH_LL_SetToggle
 .text.USBH_LL_GetToggle
                0x000000000800f9c0       0x60 ./USB_HOST/Target/usbh_conf.o
                0x000000000800f9c0                USBH_LL_GetToggle
 .text.USBH_Delay
                0x000000000800fa20       0x16 ./USB_HOST/Target/usbh_conf.o
                0x000000000800fa20                USBH_Delay
 *fill*         0x000000000800fa36        0x2 
 .text.USBH_Get_USB_Status
                0x000000000800fa38       0x58 ./USB_HOST/Target/usbh_conf.o
                0x000000000800fa38                USBH_Get_USB_Status
 .text.MX_DriverVbusFS
                0x000000000800fa90       0x38 ./USB_HOST/Target/usbh_platform.o
                0x000000000800fa90                MX_DriverVbusFS
 .text.__errno  0x000000000800fac8        0xc c:/st/stm32cubeide_1.7.0/stm32cubeide/plugins/com.st.stm32cube.ide.mcu.externaltools.gnu-tools-for-stm32.9-2020-q2-update.win32_2.0.0.202105311346/tools/bin/../lib/gcc/arm-none-eabi/9.3.1/../../../../arm-none-eabi/lib/thumb/v7e-m+fp/hard\libc_nano.a(lib_a-errno.o)
                0x000000000800fac8                __errno
 .text.__libc_init_array
                0x000000000800fad4       0x48 c:/st/stm32cubeide_1.7.0/stm32cubeide/plugins/com.st.stm32cube.ide.mcu.externaltools.gnu-tools-for-stm32.9-2020-q2-update.win32_2.0.0.202105311346/tools/bin/../lib/gcc/arm-none-eabi/9.3.1/../../../../arm-none-eabi/lib/thumb/v7e-m+fp/hard\libc_nano.a(lib_a-init.o)
                0x000000000800fad4                __libc_init_array
 .text.malloc   0x000000000800fb1c       0x10 c:/st/stm32cubeide_1.7.0/stm32cubeide/plugins/com.st.stm32cube.ide.mcu.externaltools.gnu-tools-for-stm32.9-2020-q2-update.win32_2.0.0.202105311346/tools/bin/../lib/gcc/arm-none-eabi/9.3.1/../../../../arm-none-eabi/lib/thumb/v7e-m+fp/hard\libc_nano.a(lib_a-malloc.o)
                0x000000000800fb1c                malloc
 .text.free     0x000000000800fb2c       0x10 c:/st/stm32cubeide_1.7.0/stm32cubeide/plugins/com.st.stm32cube.ide.mcu.externaltools.gnu-tools-for-stm32.9-2020-q2-update.win32_2.0.0.202105311346/tools/bin/../lib/gcc/arm-none-eabi/9.3.1/../../../../arm-none-eabi/lib/thumb/v7e-m+fp/hard\libc_nano.a(lib_a-malloc.o)
                0x000000000800fb2c                free
 .text.memcpy   0x000000000800fb3c       0x1c c:/st/stm32cubeide_1.7.0/stm32cubeide/plugins/com.st.stm32cube.ide.mcu.externaltools.gnu-tools-for-stm32.9-2020-q2-update.win32_2.0.0.202105311346/tools/bin/../lib/gcc/arm-none-eabi/9.3.1/../../../../arm-none-eabi/lib/thumb/v7e-m+fp/hard\libc_nano.a(lib_a-memcpy-stub.o)
                0x000000000800fb3c                memcpy
 .text.memset   0x000000000800fb58       0x10 c:/st/stm32cubeide_1.7.0/stm32cubeide/plugins/com.st.stm32cube.ide.mcu.externaltools.gnu-tools-for-stm32.9-2020-q2-update.win32_2.0.0.202105311346/tools/bin/../lib/gcc/arm-none-eabi/9.3.1/../../../../arm-none-eabi/lib/thumb/v7e-m+fp/hard\libc_nano.a(lib_a-memset.o)
                0x000000000800fb58                memset
 .text._free_r  0x000000000800fb68       0xa0 c:/st/stm32cubeide_1.7.0/stm32cubeide/plugins/com.st.stm32cube.ide.mcu.externaltools.gnu-tools-for-stm32.9-2020-q2-update.win32_2.0.0.202105311346/tools/bin/../lib/gcc/arm-none-eabi/9.3.1/../../../../arm-none-eabi/lib/thumb/v7e-m+fp/hard\libc_nano.a(lib_a-nano-freer.o)
                0x000000000800fb68                _free_r
 .text._malloc_r
                0x000000000800fc08       0xb4 c:/st/stm32cubeide_1.7.0/stm32cubeide/plugins/com.st.stm32cube.ide.mcu.externaltools.gnu-tools-for-stm32.9-2020-q2-update.win32_2.0.0.202105311346/tools/bin/../lib/gcc/arm-none-eabi/9.3.1/../../../../arm-none-eabi/lib/thumb/v7e-m+fp/hard\libc_nano.a(lib_a-nano-mallocr.o)
                0x000000000800fc08                _malloc_r
 .text._sbrk_r  0x000000000800fcbc       0x20 c:/st/stm32cubeide_1.7.0/stm32cubeide/plugins/com.st.stm32cube.ide.mcu.externaltools.gnu-tools-for-stm32.9-2020-q2-update.win32_2.0.0.202105311346/tools/bin/../lib/gcc/arm-none-eabi/9.3.1/../../../../arm-none-eabi/lib/thumb/v7e-m+fp/hard\libc_nano.a(lib_a-sbrkr.o)
                0x000000000800fcbc                _sbrk_r
 .text.strncpy  0x000000000800fcdc       0x26 c:/st/stm32cubeide_1.7.0/stm32cubeide/plugins/com.st.stm32cube.ide.mcu.externaltools.gnu-tools-for-stm32.9-2020-q2-update.win32_2.0.0.202105311346/tools/bin/../lib/gcc/arm-none-eabi/9.3.1/../../../../arm-none-eabi/lib/thumb/v7e-m+fp/hard\libc_nano.a(lib_a-strncpy.o)
                0x000000000800fcdc                strncpy
 .text.strstr   0x000000000800fd02       0x2e c:/st/stm32cubeide_1.7.0/stm32cubeide/plugins/com.st.stm32cube.ide.mcu.externaltools.gnu-tools-for-stm32.9-2020-q2-update.win32_2.0.0.202105311346/tools/bin/../lib/gcc/arm-none-eabi/9.3.1/../../../../arm-none-eabi/lib/thumb/v7e-m+fp/hard\libc_nano.a(lib_a-strstr.o)
                0x000000000800fd02                strstr
 .text.__malloc_lock
                0x000000000800fd30        0xc c:/st/stm32cubeide_1.7.0/stm32cubeide/plugins/com.st.stm32cube.ide.mcu.externaltools.gnu-tools-for-stm32.9-2020-q2-update.win32_2.0.0.202105311346/tools/bin/../lib/gcc/arm-none-eabi/9.3.1/../../../../arm-none-eabi/lib/thumb/v7e-m+fp/hard\libc_nano.a(lib_a-mlock.o)
                0x000000000800fd30                __malloc_lock
 .text.__malloc_unlock
                0x000000000800fd3c        0xc c:/st/stm32cubeide_1.7.0/stm32cubeide/plugins/com.st.stm32cube.ide.mcu.externaltools.gnu-tools-for-stm32.9-2020-q2-update.win32_2.0.0.202105311346/tools/bin/../lib/gcc/arm-none-eabi/9.3.1/../../../../arm-none-eabi/lib/thumb/v7e-m+fp/hard\libc_nano.a(lib_a-mlock.o)
                0x000000000800fd3c                __malloc_unlock
 .text.__retarget_lock_acquire_recursive
                0x000000000800fd48        0x2 c:/st/stm32cubeide_1.7.0/stm32cubeide/plugins/com.st.stm32cube.ide.mcu.externaltools.gnu-tools-for-stm32.9-2020-q2-update.win32_2.0.0.202105311346/tools/bin/../lib/gcc/arm-none-eabi/9.3.1/../../../../arm-none-eabi/lib/thumb/v7e-m+fp/hard\libc_nano.a(lib_a-lock.o)
                0x000000000800fd48                __retarget_lock_acquire_recursive
 .text.__retarget_lock_release_recursive
                0x000000000800fd4a        0x2 c:/st/stm32cubeide_1.7.0/stm32cubeide/plugins/com.st.stm32cube.ide.mcu.externaltools.gnu-tools-for-stm32.9-2020-q2-update.win32_2.0.0.202105311346/tools/bin/../lib/gcc/arm-none-eabi/9.3.1/../../../../arm-none-eabi/lib/thumb/v7e-m+fp/hard\libc_nano.a(lib_a-lock.o)
                0x000000000800fd4a                __retarget_lock_release_recursive
 *(.glue_7)
 .glue_7        0x000000000800fd4c        0x0 linker stubs
 *(.glue_7t)
 .glue_7t       0x000000000800fd4c        0x0 linker stubs
 *(.eh_frame)
 .eh_frame      0x000000000800fd4c        0x0 c:/st/stm32cubeide_1.7.0/stm32cubeide/plugins/com.st.stm32cube.ide.mcu.externaltools.gnu-tools-for-stm32.9-2020-q2-update.win32_2.0.0.202105311346/tools/bin/../lib/gcc/arm-none-eabi/9.3.1/thumb/v7e-m+fp/hard/crtbegin.o
 *(.init)
 .init          0x000000000800fd4c        0x4 c:/st/stm32cubeide_1.7.0/stm32cubeide/plugins/com.st.stm32cube.ide.mcu.externaltools.gnu-tools-for-stm32.9-2020-q2-update.win32_2.0.0.202105311346/tools/bin/../lib/gcc/arm-none-eabi/9.3.1/thumb/v7e-m+fp/hard/crti.o
                0x000000000800fd4c                _init
 .init          0x000000000800fd50        0x8 c:/st/stm32cubeide_1.7.0/stm32cubeide/plugins/com.st.stm32cube.ide.mcu.externaltools.gnu-tools-for-stm32.9-2020-q2-update.win32_2.0.0.202105311346/tools/bin/../lib/gcc/arm-none-eabi/9.3.1/thumb/v7e-m+fp/hard/crtn.o
 *(.fini)
 .fini          0x000000000800fd58        0x4 c:/st/stm32cubeide_1.7.0/stm32cubeide/plugins/com.st.stm32cube.ide.mcu.externaltools.gnu-tools-for-stm32.9-2020-q2-update.win32_2.0.0.202105311346/tools/bin/../lib/gcc/arm-none-eabi/9.3.1/thumb/v7e-m+fp/hard/crti.o
                0x000000000800fd58                _fini
 .fini          0x000000000800fd5c        0x8 c:/st/stm32cubeide_1.7.0/stm32cubeide/plugins/com.st.stm32cube.ide.mcu.externaltools.gnu-tools-for-stm32.9-2020-q2-update.win32_2.0.0.202105311346/tools/bin/../lib/gcc/arm-none-eabi/9.3.1/thumb/v7e-m+fp/hard/crtn.o
                0x000000000800fd64                . = ALIGN (0x4)
                0x000000000800fd64                _etext = .

.vfp11_veneer   0x000000000800fd64        0x0
 .vfp11_veneer  0x000000000800fd64        0x0 linker stubs

.v4_bx          0x000000000800fd64        0x0
 .v4_bx         0x000000000800fd64        0x0 linker stubs

.iplt           0x000000000800fd64        0x0
 .iplt          0x000000000800fd64        0x0 c:/st/stm32cubeide_1.7.0/stm32cubeide/plugins/com.st.stm32cube.ide.mcu.externaltools.gnu-tools-for-stm32.9-2020-q2-update.win32_2.0.0.202105311346/tools/bin/../lib/gcc/arm-none-eabi/9.3.1/thumb/v7e-m+fp/hard/crtbegin.o

.rodata         0x000000000800fd64      0x528
                0x000000000800fd64                . = ALIGN (0x4)
 *(.rodata)
 .rodata        0x000000000800fd64        0x8 ./Core/Src/File_Handling.o
 .rodata        0x000000000800fd6c        0x4 ./Middlewares/ST/STM32_USB_Host_Library/Class/MSC/Src/usbh_msc.o
 .rodata        0x000000000800fd70       0x48 ./Middlewares/Third_Party/FatFs/src/ff.o
 *(.rodata*)
 .rodata.I2SFreq
                0x000000000800fdb8       0x20 ./Core/Src/AUDIO.o
                0x000000000800fdb8                I2SFreq
 .rodata.I2SPLLN
                0x000000000800fdd8       0x20 ./Core/Src/AUDIO.o
                0x000000000800fdd8                I2SPLLN
 .rodata.I2SPLLR
                0x000000000800fdf8       0x20 ./Core/Src/AUDIO.o
                0x000000000800fdf8                I2SPLLR
 .rodata.AHBPrescTable
                0x000000000800fe18       0x10 ./Core/Src/system_stm32f4xx.o
                0x000000000800fe18                AHBPrescTable
 .rodata.APBPrescTable
                0x000000000800fe28        0x8 ./Core/Src/system_stm32f4xx.o
                0x000000000800fe28                APBPrescTable
 .rodata.flagBitshiftOffset.8816
                0x000000000800fe30        0x8 ./Drivers/STM32F4xx_HAL_Driver/Src/stm32f4xx_hal_dma.o
 .rodata.USBH_Driver
                0x000000000800fe38       0x14 ./FATFS/Target/usbh_diskio.o
                0x000000000800fe38                USBH_Driver
 .rodata.ExCvt  0x000000000800fe4c       0x80 ./Middlewares/Third_Party/FatFs/src/ff.o
 .rodata.LfnOfs
                0x000000000800fecc        0xd ./Middlewares/Third_Party/FatFs/src/ff.o
 *fill*         0x000000000800fed9        0x3 
 .rodata.Tbl    0x000000000800fedc      0x100 ./Middlewares/Third_Party/FatFs/src/option/ccsbcs.o
 .rodata.cvt1.11166
                0x000000000800ffdc      0x1f2 ./Middlewares/Third_Party/FatFs/src/option/ccsbcs.o
 *fill*         0x00000000080101ce        0x2 
 .rodata.cvt2.11167
                0x00000000080101d0       0xbc ./Middlewares/Third_Party/FatFs/src/option/ccsbcs.o
                0x000000000801028c                . = ALIGN (0x4)

.ARM.extab      0x000000000801028c        0x0
                0x000000000801028c                . = ALIGN (0x4)
 *(.ARM.extab* .gnu.linkonce.armextab.*)
                0x000000000801028c                . = ALIGN (0x4)

.ARM            0x000000000801028c        0x8
                0x000000000801028c                . = ALIGN (0x4)
                0x000000000801028c                __exidx_start = .
 *(.ARM.exidx*)
 .ARM.exidx     0x000000000801028c        0x8 c:/st/stm32cubeide_1.7.0/stm32cubeide/plugins/com.st.stm32cube.ide.mcu.externaltools.gnu-tools-for-stm32.9-2020-q2-update.win32_2.0.0.202105311346/tools/bin/../lib/gcc/arm-none-eabi/9.3.1/thumb/v7e-m+fp/hard\libgcc.a(_udivmoddi4.o)
                0x0000000008010294                __exidx_end = .
                0x0000000008010294                . = ALIGN (0x4)

.rel.dyn        0x0000000008010294        0x0
 .rel.iplt      0x0000000008010294        0x0 c:/st/stm32cubeide_1.7.0/stm32cubeide/plugins/com.st.stm32cube.ide.mcu.externaltools.gnu-tools-for-stm32.9-2020-q2-update.win32_2.0.0.202105311346/tools/bin/../lib/gcc/arm-none-eabi/9.3.1/thumb/v7e-m+fp/hard/crtbegin.o

.preinit_array  0x0000000008010294        0x0
                0x0000000008010294                . = ALIGN (0x4)
                0x0000000008010294                PROVIDE (__preinit_array_start = .)
 *(.preinit_array*)
                0x0000000008010294                PROVIDE (__preinit_array_end = .)
                0x0000000008010294                . = ALIGN (0x4)

.init_array     0x0000000008010294        0x4
                0x0000000008010294                . = ALIGN (0x4)
                0x0000000008010294                PROVIDE (__init_array_start = .)
 *(SORT_BY_NAME(.init_array.*))
 *(.init_array*)
 .init_array    0x0000000008010294        0x4 c:/st/stm32cubeide_1.7.0/stm32cubeide/plugins/com.st.stm32cube.ide.mcu.externaltools.gnu-tools-for-stm32.9-2020-q2-update.win32_2.0.0.202105311346/tools/bin/../lib/gcc/arm-none-eabi/9.3.1/thumb/v7e-m+fp/hard/crtbegin.o
                0x0000000008010298                PROVIDE (__init_array_end = .)
                0x0000000008010298                . = ALIGN (0x4)

.fini_array     0x0000000008010298        0x4
                0x0000000008010298                . = ALIGN (0x4)
                [!provide]                        PROVIDE (__fini_array_start = .)
 *(SORT_BY_NAME(.fini_array.*))
 *(.fini_array*)
 .fini_array    0x0000000008010298        0x4 c:/st/stm32cubeide_1.7.0/stm32cubeide/plugins/com.st.stm32cube.ide.mcu.externaltools.gnu-tools-for-stm32.9-2020-q2-update.win32_2.0.0.202105311346/tools/bin/../lib/gcc/arm-none-eabi/9.3.1/thumb/v7e-m+fp/hard/crtbegin.o
                [!provide]                        PROVIDE (__fini_array_end = .)
                0x000000000801029c                . = ALIGN (0x4)
                0x000000000801029c                _sidata = LOADADDR (.data)

.data           0x0000000020000000       0xcc load address 0x000000000801029c
                0x0000000020000000                . = ALIGN (0x4)
                0x0000000020000000                _sdata = .
 *(.data)
 *(.data*)
 .data.I2cxTimeout
                0x0000000020000000        0x4 ./Core/Src/AUDIO_LINK.o
                0x0000000020000000                I2cxTimeout
 .data.cs43l22_drv
                0x0000000020000004       0x30 ./Core/Src/cs43l22.o
                0x0000000020000004                cs43l22_drv
 .data.Is_cs43l22_Stop
                0x0000000020000034        0x1 ./Core/Src/cs43l22.o
 *fill*         0x0000000020000035        0x3 
 .data.SystemCoreClock
                0x0000000020000038        0x4 ./Core/Src/system_stm32f4xx.o
                0x0000000020000038                SystemCoreClock
 .data.uwVolume
                0x000000002000003c        0x4 ./Core/Src/waveplayer.o
 .data.uwTickPrio
                0x0000000020000040        0x4 ./Drivers/STM32F4xx_HAL_Driver/Src/stm32f4xx_hal.o
                0x0000000020000040                uwTickPrio
 .data.uwTickFreq
                0x0000000020000044        0x1 ./Drivers/STM32F4xx_HAL_Driver/Src/stm32f4xx_hal.o
                0x0000000020000044                uwTickFreq
 *fill*         0x0000000020000045        0x3 
 .data.USBH_msc
                0x0000000020000048       0x20 ./Middlewares/ST/STM32_USB_Host_Library/Class/MSC/Src/usbh_msc.o
                0x0000000020000048                USBH_msc
 .data._impure_ptr
                0x0000000020000068        0x4 c:/st/stm32cubeide_1.7.0/stm32cubeide/plugins/com.st.stm32cube.ide.mcu.externaltools.gnu-tools-for-stm32.9-2020-q2-update.win32_2.0.0.202105311346/tools/bin/../lib/gcc/arm-none-eabi/9.3.1/../../../../arm-none-eabi/lib/thumb/v7e-m+fp/hard\libc_nano.a(lib_a-impure.o)
                0x0000000020000068                _impure_ptr
 .data.impure_data
                0x000000002000006c       0x60 c:/st/stm32cubeide_1.7.0/stm32cubeide/plugins/com.st.stm32cube.ide.mcu.externaltools.gnu-tools-for-stm32.9-2020-q2-update.win32_2.0.0.202105311346/tools/bin/../lib/gcc/arm-none-eabi/9.3.1/../../../../arm-none-eabi/lib/thumb/v7e-m+fp/hard\libc_nano.a(lib_a-impure.o)
 *(.RamFunc)
 *(.RamFunc*)
                0x00000000200000cc                . = ALIGN (0x4)
                0x00000000200000cc                _edata = .
                0x0000000008010368                _siccmram = LOADADDR (.ccmram)

.igot.plt       0x00000000200000cc        0x0 load address 0x0000000008010368
 .igot.plt      0x00000000200000cc        0x0 c:/st/stm32cubeide_1.7.0/stm32cubeide/plugins/com.st.stm32cube.ide.mcu.externaltools.gnu-tools-for-stm32.9-2020-q2-update.win32_2.0.0.202105311346/tools/bin/../lib/gcc/arm-none-eabi/9.3.1/thumb/v7e-m+fp/hard/crtbegin.o

.ccmram         0x0000000010000000        0x0 load address 0x0000000008010368
                0x0000000010000000                . = ALIGN (0x4)
                0x0000000010000000                _sccmram = .
 *(.ccmram)
 *(.ccmram*)
                0x0000000010000000                . = ALIGN (0x4)
                0x0000000010000000                _eccmram = .
                0x0000000010000000                . = ALIGN (0x4)

.bss            0x00000000200000cc     0x2b4c
                0x00000000200000cc                _sbss = .
                0x00000000200000cc                __bss_start__ = _sbss
 *(.bss)
 .bss           0x00000000200000cc       0x1c c:/st/stm32cubeide_1.7.0/stm32cubeide/plugins/com.st.stm32cube.ide.mcu.externaltools.gnu-tools-for-stm32.9-2020-q2-update.win32_2.0.0.202105311346/tools/bin/../lib/gcc/arm-none-eabi/9.3.1/thumb/v7e-m+fp/hard/crtbegin.o
 *(.bss*)
 .bss.pAudioDrv
                0x00000000200000e8        0x4 ./Core/Src/AUDIO.o
 .bss.hdma_i2sTx.8882
                0x00000000200000ec       0x60 ./Core/Src/AUDIO.o
 .bss.I2cHandle
                0x000000002000014c       0x54 ./Core/Src/AUDIO_LINK.o
 .bss.NumObs    0x00000000200001a0        0x2 ./Core/Src/File_Handling.o
                0x00000000200001a0                NumObs
 .bss.OutputDev
                0x00000000200001a2        0x1 ./Core/Src/cs43l22.o
                0x00000000200001a2                OutputDev
 *fill*         0x00000000200001a3        0x1 
 .bss.IsFinished
                0x00000000200001a4        0x4 ./Core/Src/main.o
                0x00000000200001a4                IsFinished
 .bss.__sbrk_heap_end
                0x00000000200001a8        0x4 ./Core/Src/sysmem.o
 .bss.BufferCtl
                0x00000000200001ac     0x1008 ./Core/Src/waveplayer.o
 .bss.FilePos   0x00000000200011b4        0x2 ./Core/Src/waveplayer.o
 *fill*         0x00000000200011b6        0x2 
 .bss.FatFs     0x00000000200011b8        0x4 ./Middlewares/Third_Party/FatFs/src/ff.o
 .bss.Fsid      0x00000000200011bc        0x2 ./Middlewares/Third_Party/FatFs/src/ff.o
 *fill*         0x00000000200011be        0x2 
 .bss.Files     0x00000000200011c0       0x20 ./Middlewares/Third_Party/FatFs/src/ff.o
 .bss.LfnBuf    0x00000000200011e0      0x200 ./Middlewares/Third_Party/FatFs/src/ff.o
 .bss.disk      0x00000000200013e0        0xc ./Middlewares/Third_Party/FatFs/src/ff_gen_drv.o
                0x00000000200013e0                disk
 .bss.Appli_state
                0x00000000200013ec        0x1 ./USB_HOST/App/usb_host.o
                0x00000000200013ec                Appli_state
 *fill*         0x00000000200013ed        0x3 
 .bss.__malloc_free_list
                0x00000000200013f0        0x4 c:/st/stm32cubeide_1.7.0/stm32cubeide/plugins/com.st.stm32cube.ide.mcu.externaltools.gnu-tools-for-stm32.9-2020-q2-update.win32_2.0.0.202105311346/tools/bin/../lib/gcc/arm-none-eabi/9.3.1/../../../../arm-none-eabi/lib/thumb/v7e-m+fp/hard\libc_nano.a(lib_a-nano-mallocr.o)
                0x00000000200013f0                __malloc_free_list
 .bss.__malloc_sbrk_start
                0x00000000200013f4        0x4 c:/st/stm32cubeide_1.7.0/stm32cubeide/plugins/com.st.stm32cube.ide.mcu.externaltools.gnu-tools-for-stm32.9-2020-q2-update.win32_2.0.0.202105311346/tools/bin/../lib/gcc/arm-none-eabi/9.3.1/../../../../arm-none-eabi/lib/thumb/v7e-m+fp/hard\libc_nano.a(lib_a-nano-mallocr.o)
                0x00000000200013f4                __malloc_sbrk_start
 *(COMMON)
 COMMON         0x00000000200013f8       0x48 ./Core/Src/AUDIO.o
                0x00000000200013f8                hAudioOutI2s
 COMMON         0x0000000020001440      0x4fc ./Core/Src/File_Handling.o
                0x0000000020001440                hUSBHost
                0x0000000020001818                br
                0x000000002000181c                bw
                0x0000000020001820                fresult
                0x0000000020001824                USBHfno
 COMMON         0x000000002000193c       0xfc ./Core/Src/main.o
                0x000000002000193c                hi2c1
                0x0000000020001990                hdma_spi3_tx
                0x00000000200019f0                hi2s3
 COMMON         0x0000000020001a38       0x48 ./Core/Src/stm32f4xx_hal_timebase_tim.o
                0x0000000020001a38                htim1
 COMMON         0x0000000020001a80      0x63c ./Core/Src/waveplayer.o
                0x0000000020001a80                AudioState
                0x0000000020001a84                WaveFormat
                0x0000000020001ab0                FileList
                0x0000000020001e8c                WavFile
 COMMON         0x00000000200020bc        0x4 ./Drivers/STM32F4xx_HAL_Driver/Src/stm32f4xx_hal.o
                0x00000000200020bc                uwTick
 COMMON         0x00000000200020c0      0x469 ./FATFS/App/fatfs.o
                0x00000000200020c0                USBHPath
                0x00000000200020c4                USBHFile
                0x00000000200022f4                USBHFatFS
                0x0000000020002528                retUSBH
 *fill*         0x0000000020002529        0x3 
 COMMON         0x000000002000252c      0x3d8 ./USB_HOST/App/usb_host.o
                0x000000002000252c                hUsbHostFS
 COMMON         0x0000000020002904      0x304 ./USB_HOST/Target/usbh_conf.o
                0x0000000020002904                hhcd_USB_OTG_FS
 COMMON         0x0000000020002c08        0x4 c:/st/stm32cubeide_1.7.0/stm32cubeide/plugins/com.st.stm32cube.ide.mcu.externaltools.gnu-tools-for-stm32.9-2020-q2-update.win32_2.0.0.202105311346/tools/bin/../lib/gcc/arm-none-eabi/9.3.1/../../../../arm-none-eabi/lib/thumb/v7e-m+fp/hard\libc_nano.a(lib_a-reent.o)
                0x0000000020002c08                errno
 COMMON         0x0000000020002c0c        0x9 c:/st/stm32cubeide_1.7.0/stm32cubeide/plugins/com.st.stm32cube.ide.mcu.externaltools.gnu-tools-for-stm32.9-2020-q2-update.win32_2.0.0.202105311346/tools/bin/../lib/gcc/arm-none-eabi/9.3.1/../../../../arm-none-eabi/lib/thumb/v7e-m+fp/hard\libc_nano.a(lib_a-lock.o)
                0x0000000020002c0c                __lock___atexit_recursive_mutex
                0x0000000020002c0d                __lock___arc4random_mutex
                0x0000000020002c0e                __lock___env_recursive_mutex
                0x0000000020002c0f                __lock___sinit_recursive_mutex
                0x0000000020002c10                __lock___malloc_recursive_mutex
                0x0000000020002c11                __lock___at_quick_exit_mutex
                0x0000000020002c12                __lock___dd_hash_mutex
                0x0000000020002c13                __lock___tz_mutex
                0x0000000020002c14                __lock___sfp_recursive_mutex
                0x0000000020002c18                . = ALIGN (0x4)
 *fill*         0x0000000020002c15        0x3 
                0x0000000020002c18                _ebss = .
                0x0000000020002c18                __bss_end__ = _ebss

._user_heap_stack
                0x0000000020002c18      0x600
                0x0000000020002c18                . = ALIGN (0x8)
                [!provide]                        PROVIDE (end = .)